Archive member included to satisfy reference by file (symbol)

c:/gcc-arm-none-eabi/bin/../lib/gcc/arm-none-eabi/10.3.1/thumb/v7e-m/nofp\libgcc.a(_arm_muldf3.o)
                              CMakeFiles/motor.elf.dir/Core/Src/main.c.obj (__aeabi_dmul)
c:/gcc-arm-none-eabi/bin/../lib/gcc/arm-none-eabi/10.3.1/thumb/v7e-m/nofp\libgcc.a(_arm_mulsf3.o)
                              CMakeFiles/motor.elf.dir/Core/Src/main.c.obj (__aeabi_fmul)
c:/gcc-arm-none-eabi/bin/../lib/gcc/arm-none-eabi/10.3.1/thumb/v7e-m/nofp\libgcc.a(_arm_addsubdf3.o)
                              CMakeFiles/motor.elf.dir/Core/Src/main.c.obj (__aeabi_dadd)
c:/gcc-arm-none-eabi/bin/../lib/gcc/arm-none-eabi/10.3.1/thumb/v7e-m/nofp\libgcc.a(_arm_muldivdf3.o)
                              CMakeFiles/motor.elf.dir/Core/Src/stm32h7xx_it.c.obj (__aeabi_ddiv)
c:/gcc-arm-none-eabi/bin/../lib/gcc/arm-none-eabi/10.3.1/thumb/v7e-m/nofp\libgcc.a(_arm_truncdfsf2.o)
                              CMakeFiles/motor.elf.dir/Core/Src/main.c.obj (__aeabi_d2f)
c:/gcc-arm-none-eabi/bin/../lib/gcc/arm-none-eabi/10.3.1/thumb/v7e-m/nofp\libgcc.a(_arm_addsubsf3.o)
                              CMakeFiles/motor.elf.dir/Core/Src/main.c.obj (__aeabi_fsub)
c:/gcc-arm-none-eabi/bin/../lib/gcc/arm-none-eabi/10.3.1/thumb/v7e-m/nofp\libgcc.a(_arm_muldivsf3.o)
                              CMakeFiles/motor.elf.dir/Core/Src/system_stm32h7xx.c.obj (__aeabi_fdiv)
c:/gcc-arm-none-eabi/bin/../lib/gcc/arm-none-eabi/10.3.1/thumb/v7e-m/nofp\libgcc.a(_arm_cmpsf2.o)
                              CMakeFiles/motor.elf.dir/Core/Src/main.c.obj (__aeabi_fcmple)
c:/gcc-arm-none-eabi/bin/../lib/gcc/arm-none-eabi/10.3.1/thumb/v7e-m/nofp\libgcc.a(_arm_fixunssfsi.o)
                              CMakeFiles/motor.elf.dir/Core/Src/stm32h7xx_it.c.obj (__aeabi_f2uiz)
c:/gcc-arm-none-eabi/bin/../lib/gcc/arm-none-eabi/10.3.1/../../../../arm-none-eabi/lib/thumb/v7e-m/nofp\libg.a(lib_a-errno.o)
                              CMakeFiles/motor.elf.dir/Core/Src/syscalls.c.obj (__errno)
c:/gcc-arm-none-eabi/bin/../lib/gcc/arm-none-eabi/10.3.1/../../../../arm-none-eabi/lib/thumb/v7e-m/nofp\libg.a(lib_a-exit.o)
                              c:/gcc-arm-none-eabi/bin/../lib/gcc/arm-none-eabi/10.3.1/../../../../arm-none-eabi/lib/thumb/v7e-m/nofp/crt0.o (exit)
c:/gcc-arm-none-eabi/bin/../lib/gcc/arm-none-eabi/10.3.1/../../../../arm-none-eabi/lib/thumb/v7e-m/nofp\libg.a(lib_a-impure.o)
                              c:/gcc-arm-none-eabi/bin/../lib/gcc/arm-none-eabi/10.3.1/../../../../arm-none-eabi/lib/thumb/v7e-m/nofp\libg.a(lib_a-exit.o) (_global_impure_ptr)
c:/gcc-arm-none-eabi/bin/../lib/gcc/arm-none-eabi/10.3.1/../../../../arm-none-eabi/lib/thumb/v7e-m/nofp\libg.a(lib_a-init.o)
                              c:/gcc-arm-none-eabi/bin/../lib/gcc/arm-none-eabi/10.3.1/../../../../arm-none-eabi/lib/thumb/v7e-m/nofp/crt0.o (__libc_init_array)
c:/gcc-arm-none-eabi/bin/../lib/gcc/arm-none-eabi/10.3.1/../../../../arm-none-eabi/lib/thumb/v7e-m/nofp\libg.a(lib_a-memset.o)
                              c:/gcc-arm-none-eabi/bin/../lib/gcc/arm-none-eabi/10.3.1/../../../../arm-none-eabi/lib/thumb/v7e-m/nofp/crt0.o (memset)
c:/gcc-arm-none-eabi/bin/../lib/gcc/arm-none-eabi/10.3.1/../../../../arm-none-eabi/lib/thumb/v7e-m/nofp\libg.a(lib_a-sprintf.o)
                              CMakeFiles/motor.elf.dir/Core/Src/usart.c.obj (sprintf)
c:/gcc-arm-none-eabi/bin/../lib/gcc/arm-none-eabi/10.3.1/../../../../arm-none-eabi/lib/thumb/v7e-m/nofp\libg.a(lib_a-svfprintf.o)
                              c:/gcc-arm-none-eabi/bin/../lib/gcc/arm-none-eabi/10.3.1/../../../../arm-none-eabi/lib/thumb/v7e-m/nofp\libg.a(lib_a-sprintf.o) (_svfprintf_r)
c:/gcc-arm-none-eabi/bin/../lib/gcc/arm-none-eabi/10.3.1/../../../../arm-none-eabi/lib/thumb/v7e-m/nofp\libg.a(lib_a-__call_atexit.o)
                              c:/gcc-arm-none-eabi/bin/../lib/gcc/arm-none-eabi/10.3.1/../../../../arm-none-eabi/lib/thumb/v7e-m/nofp\libg.a(lib_a-exit.o) (__call_exitprocs)
c:/gcc-arm-none-eabi/bin/../lib/gcc/arm-none-eabi/10.3.1/../../../../arm-none-eabi/lib/thumb/v7e-m/nofp\libg.a(lib_a-atexit.o)
                              c:/gcc-arm-none-eabi/bin/../lib/gcc/arm-none-eabi/10.3.1/../../../../arm-none-eabi/lib/thumb/v7e-m/nofp\libg.a(lib_a-__call_atexit.o) (atexit)
c:/gcc-arm-none-eabi/bin/../lib/gcc/arm-none-eabi/10.3.1/../../../../arm-none-eabi/lib/thumb/v7e-m/nofp\libg.a(lib_a-dtoa.o)
                              c:/gcc-arm-none-eabi/bin/../lib/gcc/arm-none-eabi/10.3.1/../../../../arm-none-eabi/lib/thumb/v7e-m/nofp\libg.a(lib_a-svfprintf.o) (_dtoa_r)
c:/gcc-arm-none-eabi/bin/../lib/gcc/arm-none-eabi/10.3.1/../../../../arm-none-eabi/lib/thumb/v7e-m/nofp\libg.a(lib_a-fini.o)
                              c:/gcc-arm-none-eabi/bin/../lib/gcc/arm-none-eabi/10.3.1/../../../../arm-none-eabi/lib/thumb/v7e-m/nofp\libg.a(lib_a-__call_atexit.o) (__libc_fini_array)
[...]
Memory Configuration

Name             Origin             Length             Attributes
FLASH            0x08000000         0x00080000         xr
FLASH2           0x08100000         0x00080000         xr
DTCMRAM          0x20000000         0x00020000         xrw
RAM_D1           0x24000000         0x00080000         xrw
RAM_D2           0x30000000         0x00048000         xrw
RAM_D3           0x38000000         0x00010000         xrw
ITCMRAM          0x00000000         0x00010000         xrw
*default*        0x00000000         0xffffffff

Linker script and memory map

LOAD c:/gcc-arm-none-eabi/bin/../lib/gcc/arm-none-eabi/10.3.1/thumb/v7e-m/nofp/crti.o
LOAD c:/gcc-arm-none-eabi/bin/../lib/gcc/arm-none-eabi/10.3.1/thumb/v7e-m/nofp/crtbegin.o
LOAD c:/gcc-arm-none-eabi/bin/../lib/gcc/arm-none-eabi/10.3.1/../../../../arm-none-eabi/lib/thumb/v7e-m/nofp/crt0.o
LOAD CMakeFiles/motor.elf.dir/Core/Src/dma.c.obj
LOAD CMakeFiles/motor.elf.dir/Core/Src/gpio.c.obj
LOAD CMakeFiles/motor.elf.dir/Core/Src/main.c.obj
LOAD CMakeFiles/motor.elf.dir/Core/Src/stm32h7xx_it.c.obj
LOAD CMakeFiles/motor.elf.dir/Core/Src/syscalls.c.obj
LOAD CMakeFiles/motor.elf.dir/Core/Src/sysmem.c.obj
LOAD CMakeFiles/motor.elf.dir/Core/Src/system_stm32h7xx.c.obj
LOAD CMakeFiles/motor.elf.dir/Core/Src/tim.c.obj
LOAD CMakeFiles/motor.elf.dir/Core/Src/usart.c.obj
LOAD CMakeFiles/motor.elf.dir/Core/Startup/startup_stm32h743vgtx.s.obj
LOAD CMakeFiles/motor.elf.dir/Drivers/STM32H7xx_HAL_Driver/Src/stm32h7xx_ll_dma.c.obj
LOAD CMakeFiles/motor.elf.dir/Drivers/STM32H7xx_HAL_Driver/Src/stm32h7xx_ll_exti.c.obj
LOAD CMakeFiles/motor.elf.dir/Drivers/STM32H7xx_HAL_Driver/Src/stm32h7xx_ll_gpio.c.obj
LOAD CMakeFiles/motor.elf.dir/Drivers/STM32H7xx_HAL_Driver/Src/stm32h7xx_ll_pwr.c.obj
LOAD CMakeFiles/motor.elf.dir/Drivers/STM32H7xx_HAL_Driver/Src/stm32h7xx_ll_rcc.c.obj
LOAD CMakeFiles/motor.elf.dir/Drivers/STM32H7xx_HAL_Driver/Src/stm32h7xx_ll_tim.c.obj
LOAD CMakeFiles/motor.elf.dir/Drivers/STM32H7xx_HAL_Driver/Src/stm32h7xx_ll_usart.c.obj
LOAD CMakeFiles/motor.elf.dir/Drivers/STM32H7xx_HAL_Driver/Src/stm32h7xx_ll_utils.c.obj
START GROUP
LOAD c:/gcc-arm-none-eabi/bin/../lib/gcc/arm-none-eabi/10.3.1/thumb/v7e-m/nofp\libgcc.a
LOAD c:/gcc-arm-none-eabi/bin/../lib/gcc/arm-none-eabi/10.3.1/../../../../arm-none-eabi/lib/thumb/v7e-m/nofp\libg.a
LOAD c:/gcc-arm-none-eabi/bin/../lib/gcc/arm-none-eabi/10.3.1/../../../../arm-none-eabi/lib/thumb/v7e-m/nofp\libc.a
END GROUP
LOAD c:/gcc-arm-none-eabi/bin/../lib/gcc/arm-none-eabi/10.3.1/thumb/v7e-m/nofp/crtend.o
LOAD c:/gcc-arm-none-eabi/bin/../lib/gcc/arm-none-eabi/10.3.1/thumb/v7e-m/nofp/crtn.o
                0x24080000                _estack = (ORIGIN (RAM_D1) + LENGTH (RAM_D1))
                0x00000200                _Min_Heap_Size = 0x200
                0x00000400                _Min_Stack_Size = 0x400

.isr_vector     0x08000000      0x298
                0x08000000                . = ALIGN (0x4)
 *(.isr_vector)
 .isr_vector    0x08000000      0x298 CMakeFiles/motor.elf.dir/Core/Startup/startup_stm32h743vgtx.s.obj
                0x08000000                g_pfnVectors
                0x08000298                . = ALIGN (0x4)

.text           0x080002c0     0x9040
                0x080002c0                . = ALIGN (0x4)
 *(.text)
 .text          0x080002c0       0x40 c:/gcc-arm-none-eabi/bin/../lib/gcc/arm-none-eabi/10.3.1/thumb/v7e-m/nofp/crtbegin.o
 .text          0x08000300      0x378 c:/gcc-arm-none-eabi/bin/../lib/gcc/arm-none-eabi/10.3.1/thumb/v7e-m/nofp\libgcc.a(_arm_addsubdf3.o)
                0x08000300                __aeabi_drsub
                0x08000308                __aeabi_dsub
                0x08000308                __subdf3
                0x0800030c                __aeabi_dadd
                0x0800030c                __adddf3
                0x08000584                __floatunsidf
                0x08000584                __aeabi_ui2d
                0x080005a4                __floatsidf
                0x080005a4                __aeabi_i2d
                0x080005c8                __aeabi_f2d
                0x080005c8                __extendsfdf2
                0x0800060c                __floatundidf
                0x0800060c                __aeabi_ul2d
                0x0800061c                __floatdidf
                0x0800061c                __aeabi_l2d
 .text          0x08000678      0x424 c:/gcc-arm-none-eabi/bin/../lib/gcc/arm-none-eabi/10.3.1/thumb/v7e-m/nofp\libgcc.a(_arm_muldivdf3.o)
                0x08000678                __aeabi_dmul
                0x08000678                __muldf3
                0x080008cc                __divdf3
                0x080008cc                __aeabi_ddiv
 .text          0x08000a9c       0xa0 c:/gcc-arm-none-eabi/bin/../lib/gcc/arm-none-eabi/10.3.1/thumb/v7e-m/nofp\libgcc.a(_arm_truncdfsf2.o)
                0x08000a9c                __truncdfsf2
                0x08000a9c                __aeabi_d2f
 .text          0x08000b3c      0x21c c:/gcc-arm-none-eabi/bin/../lib/gcc/arm-none-eabi/10.3.1/thumb/v7e-m/nofp\libgcc.a(_arm_addsubsf3.o)
                0x08000b3c                __aeabi_frsub
                0x08000b44                __subsf3
                0x08000b44                __aeabi_fsub
                0x08000b48                __aeabi_fadd
                0x08000b48                __addsf3
                0x08000ca8                __aeabi_ui2f
                0x08000ca8                __floatunsisf
                0x08000cb0                __aeabi_i2f
                0x08000cb0                __floatsisf
                0x08000ccc                __aeabi_ul2f
                0x08000ccc                __floatundisf
                0x08000cdc                __aeabi_l2f
                0x08000cdc                __floatdisf
 .text          0x08000d58      0x2a0 c:/gcc-arm-none-eabi/bin/../lib/gcc/arm-none-eabi/10.3.1/thumb/v7e-m/nofp\libgcc.a(_arm_muldivsf3.o)
                0x08000d58                __mulsf3
                0x08000d58                __aeabi_fmul
                0x08000ec0                __aeabi_fdiv
                0x08000ec0                __divsf3
 .text          0x08000ff8       0xec c:/gcc-arm-none-eabi/bin/../lib/gcc/arm-none-eabi/10.3.1/thumb/v7e-m/nofp\libgcc.a(_arm_cmpsf2.o)
                0x08000ff8                __gesf2
                0x08000ff8                __gtsf2
                0x08001000                __lesf2
                0x08001000                __ltsf2
                0x08001008                __nesf2
                0x08001008                __eqsf2
                0x08001008                __cmpsf2
                0x08001068                __aeabi_cfrcmple
                0x08001070                __aeabi_cfcmpeq
                0x08001070                __aeabi_cfcmple
                0x08001080                __aeabi_fcmpeq
                0x08001094                __aeabi_fcmplt
                0x080010a8                __aeabi_fcmple
                0x080010bc                __aeabi_fcmpge
                0x080010d0                __aeabi_fcmpgt
 .text          0x080010e4       0x40 c:/gcc-arm-none-eabi/bin/../lib/gcc/arm-none-eabi/10.3.1/thumb/v7e-m/nofp\libgcc.a(_arm_fixunssfsi.o)
                0x080010e4                __fixunssfsi
                0x080010e4                __aeabi_f2uiz
 *fill*         0x08001124        0xc 
 .text          0x08001130       0xa0 c:/gcc-arm-none-eabi/bin/../lib/gcc/arm-none-eabi/10.3.1/../../../../arm-none-eabi/lib/thumb/v7e-m/nofp\libg.a(lib_a-memchr.o)
                0x08001130                memchr
 .text          0x080011d0      0x134 c:/gcc-arm-none-eabi/bin/../lib/gcc/arm-none-eabi/10.3.1/../../../../arm-none-eabi/lib/thumb/v7e-m/nofp\libg.a(lib_a-memcpy.o)
                0x080011d0                memcpy
 *fill*         0x08001304       0x3c 
 .text          0x08001340       0xdc c:/gcc-arm-none-eabi/bin/../lib/gcc/arm-none-eabi/10.3.1/../../../../arm-none-eabi/lib/thumb/v7e-m/nofp\libg.a(lib_a-strlen.o)
                0x08001340                strlen
 .text          0x0800141c      0x110 c:/gcc-arm-none-eabi/bin/../lib/gcc/arm-none-eabi/10.3.1/thumb/v7e-m/nofp\libgcc.a(_arm_cmpdf2.o)
                0x0800141c                __gtdf2
                0x0800141c                __gedf2
                0x08001424                __ltdf2
                0x08001424                __ledf2
                0x0800142c                __nedf2
                0x0800142c                __eqdf2
                0x0800142c                __cmpdf2
                0x080014a8                __aeabi_cdrcmple
                0x080014b8                __aeabi_cdcmpeq
                0x080014b8                __aeabi_cdcmple
                0x080014c8                __aeabi_dcmpeq
                0x080014dc                __aeabi_dcmplt
                0x080014f0                __aeabi_dcmple
                0x08001504                __aeabi_dcmpge
                0x08001518                __aeabi_dcmpgt
 .text          0x0800152c       0x2c c:/gcc-arm-none-eabi/bin/../lib/gcc/arm-none-eabi/10.3.1/thumb/v7e-m/nofp\libgcc.a(_arm_unorddf2.o)
                0x0800152c                __unorddf2
                0x0800152c                __aeabi_dcmpun
 .text          0x08001558       0x50 c:/gcc-arm-none-eabi/bin/../lib/gcc/arm-none-eabi/10.3.1/thumb/v7e-m/nofp\libgcc.a(_arm_fixdfsi.o)
                0x08001558                __aeabi_d2iz
                0x08001558                __fixdfsi
 .text          0x080015a8       0x30 c:/gcc-arm-none-eabi/bin/../lib/gcc/arm-none-eabi/10.3.1/thumb/v7e-m/nofp\libgcc.a(_aeabi_uldivmod.o)
                0x080015a8                __aeabi_uldivmod
 .text          0x080015d8      0x2d0 c:/gcc-arm-none-eabi/bin/../lib/gcc/arm-none-eabi/10.3.1/thumb/v7e-m/nofp\libgcc.a(_udivmoddi4.o)
                0x080015d8                __udivmoddi4
 .text          0x080018a8        0x4 c:/gcc-arm-none-eabi/bin/../lib/gcc/arm-none-eabi/10.3.1/thumb/v7e-m/nofp\libgcc.a(_dvmd_tls.o)
                0x080018a8                __aeabi_idiv0
                0x080018a8                __aeabi_ldiv0
 *(.text*)
 .text.MX_DMA_Init
                0x080018ac       0x7c CMakeFiles/motor.elf.dir/Core/Src/dma.c.obj
                0x080018ac                MX_DMA_Init
 .text.MX_GPIO_Init
                0x08001928       0x98 CMakeFiles/motor.elf.dir/Core/Src/gpio.c.obj
                0x08001928                MX_GPIO_Init
 .text.SystemClock_Config
                0x080019c0      0x158 CMakeFiles/motor.elf.dir/Core/Src/main.c.obj
                0x080019c0                SystemClock_Config
 .text.judge    0x08001b18       0x48 CMakeFiles/motor.elf.dir/Core/Src/main.c.obj
                0x08001b18                judge
 .text.extract  0x08001b60      0x114 CMakeFiles/motor.elf.dir/Core/Src/main.c.obj
                0x08001b60                extract
 .text.PID_Init
                0x08001c74       0x10 CMakeFiles/motor.elf.dir/Core/Src/main.c.obj
                0x08001c74                PID_Init
 .text.main     0x08001c84      0x198 CMakeFiles/motor.elf.dir/Core/Src/main.c.obj
                0x08001c84                main
 .text.PID_SingleCalc
                0x08001e1c       0x9e CMakeFiles/motor.elf.dir/Core/Src/main.c.obj
                0x08001e1c                PID_SingleCalc
 .text.NMI_Handler
                0x08001eba        0x2 CMakeFiles/motor.elf.dir/Core/Src/stm32h7xx_it.c.obj
                0x08001eba                NMI_Handler
 .text.HardFault_Handler
                0x08001ebc        0x2 CMakeFiles/motor.elf.dir/Core/Src/stm32h7xx_it.c.obj
                0x08001ebc                HardFault_Handler
 .text.MemManage_Handler
                0x08001ebe        0x2 CMakeFiles/motor.elf.dir/Core/Src/stm32h7xx_it.c.obj
                0x08001ebe                MemManage_Handler
 .text.BusFault_Handler
                0x08001ec0        0x2 CMakeFiles/motor.elf.dir/Core/Src/stm32h7xx_it.c.obj
                0x08001ec0                BusFault_Handler
 .text.UsageFault_Handler
                0x08001ec2        0x2 CMakeFiles/motor.elf.dir/Core/Src/stm32h7xx_it.c.obj
                0x08001ec2                UsageFault_Handler
 .text.SVC_Handler
                0x08001ec4        0x2 CMakeFiles/motor.elf.dir/Core/Src/stm32h7xx_it.c.obj
                0x08001ec4                SVC_Handler
 .text.DebugMon_Handler
                0x08001ec6        0x2 CMakeFiles/motor.elf.dir/Core/Src/stm32h7xx_it.c.obj
                0x08001ec6                DebugMon_Handler
 .text.PendSV_Handler
                0x08001ec8        0x2 CMakeFiles/motor.elf.dir/Core/Src/stm32h7xx_it.c.obj
                0x08001ec8                PendSV_Handler
 .text.SysTick_Handler
                0x08001eca        0x2 CMakeFiles/motor.elf.dir/Core/Src/stm32h7xx_it.c.obj
                0x08001eca                SysTick_Handler
 .text.DMA1_Stream0_IRQHandler
                0x08001ecc       0x24 CMakeFiles/motor.elf.dir/Core/Src/stm32h7xx_it.c.obj
                0x08001ecc                DMA1_Stream0_IRQHandler
 .text.DMA1_Stream1_IRQHandler
                0x08001ef0       0x20 CMakeFiles/motor.elf.dir/Core/Src/stm32h7xx_it.c.obj
                0x08001ef0                DMA1_Stream1_IRQHandler
 .text.TIM1_CC_IRQHandler
                0x08001f10       0x58 CMakeFiles/motor.elf.dir/Core/Src/stm32h7xx_it.c.obj
                0x08001f10                TIM1_CC_IRQHandler
 .text.TIM3_IRQHandler
                0x08001f68       0xc4 CMakeFiles/motor.elf.dir/Core/Src/stm32h7xx_it.c.obj
                0x08001f68                TIM3_IRQHandler
 .text.USART1_IRQHandler
                0x0800202c       0x44 CMakeFiles/motor.elf.dir/Core/Src/stm32h7xx_it.c.obj
                0x0800202c                USART1_IRQHandler
 .text._getpid  0x08002070        0x4 CMakeFiles/motor.elf.dir/Core/Src/syscalls.c.obj
                0x08002070                _getpid
 .text._kill    0x08002074       0x10 CMakeFiles/motor.elf.dir/Core/Src/syscalls.c.obj
                0x08002074                _kill
 .text._exit    0x08002084        0xc CMakeFiles/motor.elf.dir/Core/Src/syscalls.c.obj
                0x08002084                _exit
 .text._read    0x08002090       0x20 CMakeFiles/motor.elf.dir/Core/Src/syscalls.c.obj
                0x08002090                _read
 .text._write   0x080020b0       0x1c CMakeFiles/motor.elf.dir/Core/Src/syscalls.c.obj
                0x080020b0                _write
 .text._close   0x080020cc        0x6 CMakeFiles/motor.elf.dir/Core/Src/syscalls.c.obj
                0x080020cc                _close
 .text._fstat   0x080020d2        0xa CMakeFiles/motor.elf.dir/Core/Src/syscalls.c.obj
                0x080020d2                _fstat
 .text._isatty  0x080020dc        0x4 CMakeFiles/motor.elf.dir/Core/Src/syscalls.c.obj
                0x080020dc                _isatty
 .text._lseek   0x080020e0        0x4 CMakeFiles/motor.elf.dir/Core/Src/syscalls.c.obj
                0x080020e0                _lseek
 .text._sbrk    0x080020e4       0x48 CMakeFiles/motor.elf.dir/Core/Src/sysmem.c.obj
                0x080020e4                _sbrk
 .text.SystemInit
                0x0800212c       0xbc CMakeFiles/motor.elf.dir/Core/Src/system_stm32h7xx.c.obj
                0x0800212c                SystemInit
 .text.MX_TIM1_Init
                0x080021e8      0x120 CMakeFiles/motor.elf.dir/Core/Src/tim.c.obj
                0x080021e8                MX_TIM1_Init
 .text.MX_TIM3_Init
                0x08002308      0x134 CMakeFiles/motor.elf.dir/Core/Src/tim.c.obj
                0x08002308                MX_TIM3_Init
 .text.MX_USART1_UART_Init
                0x0800243c      0x248 CMakeFiles/motor.elf.dir/Core/Src/usart.c.obj
                0x0800243c                MX_USART1_UART_Init
 .text.send     0x08002684       0xb0 CMakeFiles/motor.elf.dir/Core/Src/usart.c.obj
                0x08002684                send
 .text.Reset_Handler
                0x08002734       0x50 CMakeFiles/motor.elf.dir/Core/Startup/startup_stm32h743vgtx.s.obj
                0x08002734                Reset_Handler
 .text.Default_Handler
                0x08002784        0x2 CMakeFiles/motor.elf.dir/Core/Startup/startup_stm32h743vgtx.s.obj
                0x08002784                RTC_Alarm_IRQHandler
                0x08002784                EXTI2_IRQHandler
                0x08002784                TIM8_CC_IRQHandler
                0x08002784                HRTIM1_Master_IRQHandler
                0x08002784                UART8_IRQHandler
                0x08002784                SPI4_IRQHandler
                0x08002784                BDMA_Channel6_IRQHandler
                0x08002784                DMA2_Stream5_IRQHandler
                0x08002784                HRTIM1_FLT_IRQHandler
                0x08002784                JPEG_IRQHandler
                0x08002784                DMA1_Stream5_IRQHandler
                0x08002784                BDMA_Channel1_IRQHandler
                0x08002784                HRTIM1_TIMD_IRQHandler
                0x08002784                TAMP_STAMP_IRQHandler
                0x08002784                EXTI3_IRQHandler
                0x08002784                LPTIM4_IRQHandler
                0x08002784                TIM8_TRG_COM_TIM14_IRQHandler
                0x08002784                LPTIM2_IRQHandler
                0x08002784                DFSDM1_FLT1_IRQHandler
                0x08002784                DMAMUX2_OVR_IRQHandler
                0x08002784                TIM8_UP_TIM13_IRQHandler
                0x08002784                I2C3_ER_IRQHandler
                0x08002784                DFSDM1_FLT2_IRQHandler
                0x08002784                MDMA_IRQHandler
                0x08002784                LPTIM3_IRQHandler
                0x08002784                HSEM1_IRQHandler
                0x08002784                EXTI0_IRQHandler
                0x08002784                I2C2_EV_IRQHandler
                0x08002784                DMA1_Stream2_IRQHandler
                0x08002784                FPU_IRQHandler
                0x08002784                OTG_HS_WKUP_IRQHandler
                0x08002784                FDCAN1_IT1_IRQHandler
                0x08002784                LTDC_ER_IRQHandler
                0x08002784                DMA2_Stream2_IRQHandler
                0x08002784                HRTIM1_TIME_IRQHandler
                0x08002784                SPI1_IRQHandler
                0x08002784                TIM6_DAC_IRQHandler
                0x08002784                DCMI_IRQHandler
                0x08002784                HRTIM1_TIMC_IRQHandler
                0x08002784                DMA2_Stream3_IRQHandler
                0x08002784                SAI2_IRQHandler
                0x08002784                DFSDM1_FLT3_IRQHandler
                0x08002784                USART6_IRQHandler
                0x08002784                TIM17_IRQHandler
                0x08002784                USART3_IRQHandler
                0x08002784                BDMA_Channel7_IRQHandler
                0x08002784                LPTIM5_IRQHandler
                0x08002784                UART5_IRQHandler
                0x08002784                ADC3_IRQHandler
                0x08002784                DMA2_Stream0_IRQHandler
                0x08002784                TIM4_IRQHandler
                0x08002784                BDMA_Channel2_IRQHandler
                0x08002784                QUADSPI_IRQHandler
                0x08002784                I2C1_EV_IRQHandler
                0x08002784                DMA1_Stream6_IRQHandler
                0x08002784                DMAMUX1_OVR_IRQHandler
                0x08002784                TIM16_IRQHandler
                0x08002784                UART4_IRQHandler
                0x08002784                BDMA_Channel5_IRQHandler
                0x08002784                RCC_IRQHandler
                0x08002784                TIM8_BRK_TIM12_IRQHandler
                0x08002784                TIM1_TRG_COM_IRQHandler
                0x08002784                Default_Handler
                0x08002784                ECC_IRQHandler
                0x08002784                CEC_IRQHandler
                0x08002784                EXTI15_10_IRQHandler
                0x08002784                BDMA_Channel0_IRQHandler
                0x08002784                ADC_IRQHandler
                0x08002784                DMA1_Stream7_IRQHandler
                0x08002784                HRTIM1_TIMA_IRQHandler
                0x08002784                SPI5_IRQHandler
                0x08002784                TIM7_IRQHandler
                0x08002784                SDMMC1_IRQHandler
                0x08002784                TIM5_IRQHandler
                0x08002784                DMA2_Stream7_IRQHandler
                0x08002784                TIM15_IRQHandler
                0x08002784                PVD_AVD_IRQHandler
                0x08002784                I2C3_EV_IRQHandler
                0x08002784                EXTI9_5_IRQHandler
                0x08002784                RTC_WKUP_IRQHandler
                0x08002784                LTDC_IRQHandler
                0x08002784                SAI3_IRQHandler
                0x08002784                ETH_WKUP_IRQHandler
                0x08002784                SPDIF_RX_IRQHandler
                0x08002784                SPI2_IRQHandler
                0x08002784                OTG_HS_EP1_IN_IRQHandler
                0x08002784                CRS_IRQHandler
                0x08002784                EXTI4_IRQHandler
                0x08002784                RNG_IRQHandler
                0x08002784                HRTIM1_TIMB_IRQHandler
                0x08002784                FDCAN2_IT1_IRQHandler
                0x08002784                ETH_IRQHandler
                0x08002784                TIM1_UP_IRQHandler
                0x08002784                BDMA_Channel4_IRQHandler
                0x08002784                OTG_HS_EP1_OUT_IRQHandler
                0x08002784                WWDG_IRQHandler
                0x08002784                SPI6_IRQHandler
                0x08002784                MDIOS_IRQHandler
                0x08002784                I2C4_EV_IRQHandler
                0x08002784                FDCAN2_IT0_IRQHandler
                0x08002784                LPUART1_IRQHandler
                0x08002784                FDCAN1_IT0_IRQHandler
                0x08002784                TIM2_IRQHandler
                0x08002784                OTG_FS_WKUP_IRQHandler
                0x08002784                OTG_HS_IRQHandler
                0x08002784                DMA2D_IRQHandler
                0x08002784                TIM1_BRK_IRQHandler
                0x08002784                EXTI1_IRQHandler
                0x08002784                SDMMC2_IRQHandler
                0x08002784                OTG_FS_EP1_OUT_IRQHandler
                0x08002784                BDMA_Channel3_IRQHandler
                0x08002784                UART7_IRQHandler
                0x08002784                MDIOS_WKUP_IRQHandler
                0x08002784                USART2_IRQHandler
                0x08002784                DFSDM1_FLT0_IRQHandler
                0x08002784                SAI4_IRQHandler
                0x08002784                I2C2_ER_IRQHandler
                0x08002784                DMA2_Stream1_IRQHandler
                0x08002784                FLASH_IRQHandler
                0x08002784                DMA2_Stream4_IRQHandler
                0x08002784                OTG_FS_IRQHandler
                0x08002784                SPI3_IRQHandler
                0x08002784                WAKEUP_PIN_IRQHandler
                0x08002784                DMA1_Stream4_IRQHandler
                0x08002784                OTG_FS_EP1_IN_IRQHandler
                0x08002784                I2C1_ER_IRQHandler
                0x08002784                FMC_IRQHandler
                0x08002784                FDCAN_CAL_IRQHandler
                0x08002784                SWPMI1_IRQHandler
                0x08002784                COMP1_IRQHandler
                0x08002784                LPTIM1_IRQHandler
                0x08002784                I2C4_ER_IRQHandler
                0x08002784                DMA2_Stream6_IRQHandler
                0x08002784                SAI1_IRQHandler
                0x08002784                DMA1_Stream3_IRQHandler
 .text.LL_GPIO_Init
                0x08002786       0xdc CMakeFiles/motor.elf.dir/Drivers/STM32H7xx_HAL_Driver/Src/stm32h7xx_ll_gpio.c.obj
                0x08002786                LL_GPIO_Init
 *fill*         0x08002862        0x2 
 .text.RCC_GetHCLKClockFreq
                0x08002864       0x1c CMakeFiles/motor.elf.dir/Drivers/STM32H7xx_HAL_Driver/Src/stm32h7xx_ll_rcc.c.obj
 .text.RCC_GetPCLK1ClockFreq
                0x08002880       0x1c CMakeFiles/motor.elf.dir/Drivers/STM32H7xx_HAL_Driver/Src/stm32h7xx_ll_rcc.c.obj
 .text.RCC_GetPCLK2ClockFreq
                0x0800289c       0x1c CMakeFiles/motor.elf.dir/Drivers/STM32H7xx_HAL_Driver/Src/stm32h7xx_ll_rcc.c.obj
 .text.LL_RCC_CalcPLLClockFreq
                0x080028b8       0x5a CMakeFiles/motor.elf.dir/Drivers/STM32H7xx_HAL_Driver/Src/stm32h7xx_ll_rcc.c.obj
                0x080028b8                LL_RCC_CalcPLLClockFreq
 *fill*         0x08002912        0x2 
 .text.LL_RCC_GetPLL1ClockFreq
                0x08002914      0x100 CMakeFiles/motor.elf.dir/Drivers/STM32H7xx_HAL_Driver/Src/stm32h7xx_ll_rcc.c.obj
                0x08002914                LL_RCC_GetPLL1ClockFreq
 .text.RCC_GetSystemClockFreq
                0x08002a14       0x68 CMakeFiles/motor.elf.dir/Drivers/STM32H7xx_HAL_Driver/Src/stm32h7xx_ll_rcc.c.obj
 .text.LL_RCC_GetPLL2ClockFreq
                0x08002a7c      0x100 CMakeFiles/motor.elf.dir/Drivers/STM32H7xx_HAL_Driver/Src/stm32h7xx_ll_rcc.c.obj
                0x08002a7c                LL_RCC_GetPLL2ClockFreq
 .text.LL_RCC_GetPLL3ClockFreq
                0x08002b7c      0x104 CMakeFiles/motor.elf.dir/Drivers/STM32H7xx_HAL_Driver/Src/stm32h7xx_ll_rcc.c.obj
                0x08002b7c                LL_RCC_GetPLL3ClockFreq
 .text.LL_RCC_GetUSARTClockFreq
                0x08002c80      0x14c CMakeFiles/motor.elf.dir/Drivers/STM32H7xx_HAL_Driver/Src/stm32h7xx_ll_rcc.c.obj
                0x08002c80                LL_RCC_GetUSARTClockFreq
 .text.OC1Config
                0x08002dcc       0x98 CMakeFiles/motor.elf.dir/Drivers/STM32H7xx_HAL_Driver/Src/stm32h7xx_ll_tim.c.obj
 .text.OC2Config
                0x08002e64       0xa0 CMakeFiles/motor.elf.dir/Drivers/STM32H7xx_HAL_Driver/Src/stm32h7xx_ll_tim.c.obj
 .text.OC3Config
                0x08002f04       0x9c CMakeFiles/motor.elf.dir/Drivers/STM32H7xx_HAL_Driver/Src/stm32h7xx_ll_tim.c.obj
 .text.OC4Config
                0x08002fa0       0x80 CMakeFiles/motor.elf.dir/Drivers/STM32H7xx_HAL_Driver/Src/stm32h7xx_ll_tim.c.obj
 .text.OC5Config
                0x08003020       0x80 CMakeFiles/motor.elf.dir/Drivers/STM32H7xx_HAL_Driver/Src/stm32h7xx_ll_tim.c.obj
 .text.OC6Config
                0x080030a0       0x80 CMakeFiles/motor.elf.dir/Drivers/STM32H7xx_HAL_Driver/Src/stm32h7xx_ll_tim.c.obj
 .text.LL_TIM_Init
                0x08003120      0x100 CMakeFiles/motor.elf.dir/Drivers/STM32H7xx_HAL_Driver/Src/stm32h7xx_ll_tim.c.obj
                0x08003120                LL_TIM_Init
 .text.LL_TIM_OC_Init
                0x08003220       0x54 CMakeFiles/motor.elf.dir/Drivers/STM32H7xx_HAL_Driver/Src/stm32h7xx_ll_tim.c.obj
                0x08003220                LL_TIM_OC_Init
 .text.LL_USART_Init
                0x08003274      0x154 CMakeFiles/motor.elf.dir/Drivers/STM32H7xx_HAL_Driver/Src/stm32h7xx_ll_usart.c.obj
                0x08003274                LL_USART_Init
 .text.LL_Init1msTick
                0x080033c8       0x20 CMakeFiles/motor.elf.dir/Drivers/STM32H7xx_HAL_Driver/Src/stm32h7xx_ll_utils.c.obj
                0x080033c8                LL_Init1msTick
 .text.LL_mDelay
                0x080033e8       0x2a CMakeFiles/motor.elf.dir/Drivers/STM32H7xx_HAL_Driver/Src/stm32h7xx_ll_utils.c.obj
                0x080033e8                LL_mDelay
 *fill*         0x08003412        0x2 
 .text.LL_SetSystemCoreClock
                0x08003414        0xc CMakeFiles/motor.elf.dir/Drivers/STM32H7xx_HAL_Driver/Src/stm32h7xx_ll_utils.c.obj
                0x08003414                LL_SetSystemCoreClock
 .text.__errno  0x08003420        0xc c:/gcc-arm-none-eabi/bin/../lib/gcc/arm-none-eabi/10.3.1/../../../../arm-none-eabi/lib/thumb/v7e-m/nofp\libg.a(lib_a-errno.o)
                0x08003420                __errno
 .text.__libc_init_array
                0x0800342c       0x48 c:/gcc-arm-none-eabi/bin/../lib/gcc/arm-none-eabi/10.3.1/../../../../arm-none-eabi/lib/thumb/v7e-m/nofp\libg.a(lib_a-init.o)
                0x0800342c                __libc_init_array
 .text.memset   0x08003474       0xa4 c:/gcc-arm-none-eabi/bin/../lib/gcc/arm-none-eabi/10.3.1/../../../../arm-none-eabi/lib/thumb/v7e-m/nofp\libg.a(lib_a-memset.o)
                0x08003474                memset
 .text.sprintf  0x08003518       0x40 c:/gcc-arm-none-eabi/bin/../lib/gcc/arm-none-eabi/10.3.1/../../../../arm-none-eabi/lib/thumb/v7e-m/nofp\libg.a(lib_a-sprintf.o)
                0x08003518                sprintf
 .text._svfprintf_r
                0x08003558     0x1a3c c:/gcc-arm-none-eabi/bin/../lib/gcc/arm-none-eabi/10.3.1/../../../../arm-none-eabi/lib/thumb/v7e-m/nofp\libg.a(lib_a-svfprintf.o)
                0x08003558                _svfprintf_r
 .text.startup.register_fini
                0x08004f94       0x14 c:/gcc-arm-none-eabi/bin/../lib/gcc/arm-none-eabi/10.3.1/../../../../arm-none-eabi/lib/thumb/v7e-m/nofp\libg.a(lib_a-__call_atexit.o)
 .text.atexit   0x08004fa8        0xc c:/gcc-arm-none-eabi/bin/../lib/gcc/arm-none-eabi/10.3.1/../../../../arm-none-eabi/lib/thumb/v7e-m/nofp\libg.a(lib_a-atexit.o)
                0x08004fa8                atexit
 .text.quorem   0x08004fb4      0x124 c:/gcc-arm-none-eabi/bin/../lib/gcc/arm-none-eabi/10.3.1/../../../../arm-none-eabi/lib/thumb/v7e-m/nofp\libg.a(lib_a-dtoa.o)
 .text._dtoa_r  0x080050d8      0xec4 c:/gcc-arm-none-eabi/bin/../lib/gcc/arm-none-eabi/10.3.1/../../../../arm-none-eabi/lib/thumb/v7e-m/nofp\libg.a(lib_a-dtoa.o)
                0x080050d8                _dtoa_r
 .text.__libc_fini_array
                0x08005f9c       0x2c c:/gcc-arm-none-eabi/bin/../lib/gcc/arm-none-eabi/10.3.1/../../../../arm-none-eabi/lib/thumb/v7e-m/nofp\libg.a(lib_a-fini.o)
                0x08005f9c                __libc_fini_array
 .text._malloc_trim_r
                0x08005fc8       0xa0 c:/gcc-arm-none-eabi/bin/../lib/gcc/arm-none-eabi/10.3.1/../../../../arm-none-eabi/lib/thumb/v7e-m/nofp\libg.a(lib_a-freer.o)
                0x08005fc8                _malloc_trim_r
 .text._free_r  0x08006068      0x20c c:/gcc-arm-none-eabi/bin/../lib/gcc/arm-none-eabi/10.3.1/../../../../arm-none-eabi/lib/thumb/v7e-m/nofp\libg.a(lib_a-freer.o)
                0x08006068                _free_r
 .text._localeconv_r
                0x08006274        0x8 c:/gcc-arm-none-eabi/bin/../lib/gcc/arm-none-eabi/10.3.1/../../../../arm-none-eabi/lib/thumb/v7e-m/nofp\libg.a(lib_a-localeconv.o)
                0x08006274                _localeconv_r
 .text.__retarget_lock_init_recursive
                0x0800627c        0x4 c:/gcc-arm-none-eabi/bin/../lib/gcc/arm-none-eabi/10.3.1/../../../../arm-none-eabi/lib/thumb/v7e-m/nofp\libg.a(lib_a-lock.o)
                0x0800627c                __retarget_lock_init_recursive
 .text.__retarget_lock_close_recursive
                0x08006280        0x4 c:/gcc-arm-none-eabi/bin/../lib/gcc/arm-none-eabi/10.3.1/../../../../arm-none-eabi/lib/thumb/v7e-m/nofp\libg.a(lib_a-lock.o)
                0x08006280                __retarget_lock_close_recursive
 .text.__retarget_lock_acquire_recursive
                0x08006284        0x4 c:/gcc-arm-none-eabi/bin/../lib/gcc/arm-none-eabi/10.3.1/../../../../arm-none-eabi/lib/thumb/v7e-m/nofp\libg.a(lib_a-lock.o)
                0x08006284                __retarget_lock_acquire_recursive
 .text.__retarget_lock_release_recursive
                0x08006288        0x4 c:/gcc-arm-none-eabi/bin/../lib/gcc/arm-none-eabi/10.3.1/../../../../arm-none-eabi/lib/thumb/v7e-m/nofp\libg.a(lib_a-lock.o)
                0x08006288                __retarget_lock_release_recursive
 .text._malloc_r
                0x0800628c      0x560 c:/gcc-arm-none-eabi/bin/../lib/gcc/arm-none-eabi/10.3.1/../../../../arm-none-eabi/lib/thumb/v7e-m/nofp\libg.a(lib_a-mallocr.o)
                0x0800628c                _malloc_r
 .text.__malloc_lock
                0x080067ec        0xc c:/gcc-arm-none-eabi/bin/../lib/gcc/arm-none-eabi/10.3.1/../../../../arm-none-eabi/lib/thumb/v7e-m/nofp\libg.a(lib_a-mlock.o)
                0x080067ec                __malloc_lock
 .text.__malloc_unlock
                0x080067f8        0xc c:/gcc-arm-none-eabi/bin/../lib/gcc/arm-none-eabi/10.3.1/../../../../arm-none-eabi/lib/thumb/v7e-m/nofp\libg.a(lib_a-mlock.o)
                0x080067f8                __malloc_unlock
 .text._Balloc  0x08006804       0x4c c:/gcc-arm-none-eabi/bin/../lib/gcc/arm-none-eabi/10.3.1/../../../../arm-none-eabi/lib/thumb/v7e-m/nofp\libg.a(lib_a-mprec.o)
                0x08006804                _Balloc
 .text._Bfree   0x08006850       0x14 c:/gcc-arm-none-eabi/bin/../lib/gcc/arm-none-eabi/10.3.1/../../../../arm-none-eabi/lib/thumb/v7e-m/nofp\libg.a(lib_a-mprec.o)
                0x08006850                _Bfree
 .text.__multadd
                0x08006864       0xa0 c:/gcc-arm-none-eabi/bin/../lib/gcc/arm-none-eabi/10.3.1/../../../../arm-none-eabi/lib/thumb/v7e-m/nofp\libg.a(lib_a-mprec.o)
                0x08006864                __multadd
 .text.__hi0bits
                0x08006904       0x40 c:/gcc-arm-none-eabi/bin/../lib/gcc/arm-none-eabi/10.3.1/../../../../arm-none-eabi/lib/thumb/v7e-m/nofp\libg.a(lib_a-mprec.o)
                0x08006904                __hi0bits
 .text.__lo0bits
                0x08006944       0x5c c:/gcc-arm-none-eabi/bin/../lib/gcc/arm-none-eabi/10.3.1/../../../../arm-none-eabi/lib/thumb/v7e-m/nofp\libg.a(lib_a-mprec.o)
                0x08006944                __lo0bits
 .text.__i2b    0x080069a0       0x5c c:/gcc-arm-none-eabi/bin/../lib/gcc/arm-none-eabi/10.3.1/../../../../arm-none-eabi/lib/thumb/v7e-m/nofp\libg.a(lib_a-mprec.o)
                0x080069a0                __i2b
 .text.__multiply
                0x080069fc      0x15c c:/gcc-arm-none-eabi/bin/../lib/gcc/arm-none-eabi/10.3.1/../../../../arm-none-eabi/lib/thumb/v7e-m/nofp\libg.a(lib_a-mprec.o)
                0x080069fc                __multiply
 .text.__pow5mult
                0x08006b58       0xc0 c:/gcc-arm-none-eabi/bin/../lib/gcc/arm-none-eabi/10.3.1/../../../../arm-none-eabi/lib/thumb/v7e-m/nofp\libg.a(lib_a-mprec.o)
                0x08006b58                __pow5mult
 .text.__lshift
                0x08006c18       0xf0 c:/gcc-arm-none-eabi/bin/../lib/gcc/arm-none-eabi/10.3.1/../../../../arm-none-eabi/lib/thumb/v7e-m/nofp\libg.a(lib_a-mprec.o)
                0x08006c18                __lshift
 .text.__mcmp   0x08006d08       0x40 c:/gcc-arm-none-eabi/bin/../lib/gcc/arm-none-eabi/10.3.1/../../../../arm-none-eabi/lib/thumb/v7e-m/nofp\libg.a(lib_a-mprec.o)
                0x08006d08                __mcmp
 .text.__mdiff  0x08006d48      0x14c c:/gcc-arm-none-eabi/bin/../lib/gcc/arm-none-eabi/10.3.1/../../../../arm-none-eabi/lib/thumb/v7e-m/nofp\libg.a(lib_a-mprec.o)
                0x08006d48                __mdiff
 .text.__d2b    0x08006e94       0xc4 c:/gcc-arm-none-eabi/bin/../lib/gcc/arm-none-eabi/10.3.1/../../../../arm-none-eabi/lib/thumb/v7e-m/nofp\libg.a(lib_a-mprec.o)
                0x08006e94                __d2b
 .text.frexp    0x08006f58       0x70 c:/gcc-arm-none-eabi/bin/../lib/gcc/arm-none-eabi/10.3.1/../../../../arm-none-eabi/lib/thumb/v7e-m/nofp\libg.a(lib_a-s_frexp.o)
                0x08006f58                frexp
 .text._sbrk_r  0x08006fc8       0x24 c:/gcc-arm-none-eabi/bin/../lib/gcc/arm-none-eabi/10.3.1/../../../../arm-none-eabi/lib/thumb/v7e-m/nofp\libg.a(lib_a-sbrkr.o)
                0x08006fc8                _sbrk_r
 .text.strncpy  0x08006fec       0x64 c:/gcc-arm-none-eabi/bin/../lib/gcc/arm-none-eabi/10.3.1/../../../../arm-none-eabi/lib/thumb/v7e-m/nofp\libg.a(lib_a-strncpy.o)
                0x08006fec                strncpy
 .text.__ssprint_r
                0x08007050       0xf8 c:/gcc-arm-none-eabi/bin/../lib/gcc/arm-none-eabi/10.3.1/../../../../arm-none-eabi/lib/thumb/v7e-m/nofp\libg.a(lib_a-svfiprintf.o)
                0x08007050                __ssprint_r
 .text.__register_exitproc
                0x08007148       0x8c c:/gcc-arm-none-eabi/bin/../lib/gcc/arm-none-eabi/10.3.1/../../../../arm-none-eabi/lib/thumb/v7e-m/nofp\libg.a(lib_a-__atexit.o)
                0x08007148                __register_exitproc
 .text.__assert_func
                0x080071d4       0x40 c:/gcc-arm-none-eabi/bin/../lib/gcc/arm-none-eabi/10.3.1/../../../../arm-none-eabi/lib/thumb/v7e-m/nofp\libg.a(lib_a-assert.o)
                0x080071d4                __assert_func
 .text._calloc_r
                0x08007214       0x78 c:/gcc-arm-none-eabi/bin/../lib/gcc/arm-none-eabi/10.3.1/../../../../arm-none-eabi/lib/thumb/v7e-m/nofp\libg.a(lib_a-callocr.o)
                0x08007214                _calloc_r
 .text.fiprintf
                0x0800728c       0x28 c:/gcc-arm-none-eabi/bin/../lib/gcc/arm-none-eabi/10.3.1/../../../../arm-none-eabi/lib/thumb/v7e-m/nofp\libg.a(lib_a-fiprintf.o)
                0x0800728c                fiprintf
 .text.__locale_mb_cur_max
                0x080072b4        0xc c:/gcc-arm-none-eabi/bin/../lib/gcc/arm-none-eabi/10.3.1/../../../../arm-none-eabi/lib/thumb/v7e-m/nofp\libg.a(lib_a-locale.o)
                0x080072b4                __locale_mb_cur_max
 .text.__ascii_mbtowc
                0x080072c0       0x2c c:/gcc-arm-none-eabi/bin/../lib/gcc/arm-none-eabi/10.3.1/../../../../arm-none-eabi/lib/thumb/v7e-m/nofp\libg.a(lib_a-mbtowc_r.o)
                0x080072c0                __ascii_mbtowc
 .text.memmove  0x080072ec       0xf8 c:/gcc-arm-none-eabi/bin/../lib/gcc/arm-none-eabi/10.3.1/../../../../arm-none-eabi/lib/thumb/v7e-m/nofp\libg.a(lib_a-memmove.o)
                0x080072ec                memmove
 .text._realloc_r
                0x080073e4      0x3d8 c:/gcc-arm-none-eabi/bin/../lib/gcc/arm-none-eabi/10.3.1/../../../../arm-none-eabi/lib/thumb/v7e-m/nofp\libg.a(lib_a-reallocr.o)
                0x080073e4                _realloc_r
 .text.__sprint_r.part.0
                0x080077bc       0x78 c:/gcc-arm-none-eabi/bin/../lib/gcc/arm-none-eabi/10.3.1/../../../../arm-none-eabi/lib/thumb/v7e-m/nofp\libg.a(lib_a-vfiprintf.o)
 .text._vfiprintf_r
                0x08007834      0xda0 c:/gcc-arm-none-eabi/bin/../lib/gcc/arm-none-eabi/10.3.1/../../../../arm-none-eabi/lib/thumb/v7e-m/nofp\libg.a(lib_a-vfiprintf.o)
                0x08007834                _vfiprintf_r
 .text.__sbprintf
                0x080085d4       0x80 c:/gcc-arm-none-eabi/bin/../lib/gcc/arm-none-eabi/10.3.1/../../../../arm-none-eabi/lib/thumb/v7e-m/nofp\libg.a(lib_a-vfiprintf.o)
 .text.__ascii_wctomb
                0x08008654       0x1c c:/gcc-arm-none-eabi/bin/../lib/gcc/arm-none-eabi/10.3.1/../../../../arm-none-eabi/lib/thumb/v7e-m/nofp\libg.a(lib_a-wctomb_r.o)
                0x08008654                __ascii_wctomb
 .text.__swsetup_r
                0x08008670       0xd4 c:/gcc-arm-none-eabi/bin/../lib/gcc/arm-none-eabi/10.3.1/../../../../arm-none-eabi/lib/thumb/v7e-m/nofp\libg.a(lib_a-wsetup.o)
                0x08008670                __swsetup_r
 .text.abort    0x08008744       0x10 c:/gcc-arm-none-eabi/bin/../lib/gcc/arm-none-eabi/10.3.1/../../../../arm-none-eabi/lib/thumb/v7e-m/nofp\libg.a(lib_a-abort.o)
                0x08008744                abort
 .text.__sflush_r
                0x08008754      0x120 c:/gcc-arm-none-eabi/bin/../lib/gcc/arm-none-eabi/10.3.1/../../../../arm-none-eabi/lib/thumb/v7e-m/nofp\libg.a(lib_a-fflush.o)
                0x08008754                __sflush_r
 .text._fflush_r
                0x08008874       0x5c c:/gcc-arm-none-eabi/bin/../lib/gcc/arm-none-eabi/10.3.1/../../../../arm-none-eabi/lib/thumb/v7e-m/nofp\libg.a(lib_a-fflush.o)
                0x08008874                _fflush_r
 .text._cleanup_r
                0x080088d0        0xc c:/gcc-arm-none-eabi/bin/../lib/gcc/arm-none-eabi/10.3.1/../../../../arm-none-eabi/lib/thumb/v7e-m/nofp\libg.a(lib_a-findfp.o)
                0x080088d0                _cleanup_r
 .text.__sinit  0x080088dc      0x10c c:/gcc-arm-none-eabi/bin/../lib/gcc/arm-none-eabi/10.3.1/../../../../arm-none-eabi/lib/thumb/v7e-m/nofp\libg.a(lib_a-findfp.o)
                0x080088dc                __sinit
 .text.__sfp_lock_acquire
                0x080089e8        0xc c:/gcc-arm-none-eabi/bin/../lib/gcc/arm-none-eabi/10.3.1/../../../../arm-none-eabi/lib/thumb/v7e-m/nofp\libg.a(lib_a-findfp.o)
                0x080089e8                __sfp_lock_acquire
 .text.__sfp_lock_release
                0x080089f4        0xc c:/gcc-arm-none-eabi/bin/../lib/gcc/arm-none-eabi/10.3.1/../../../../arm-none-eabi/lib/thumb/v7e-m/nofp\libg.a(lib_a-findfp.o)
                0x080089f4                __sfp_lock_release
 .text.__fputwc
                0x08008a00       0xa8 c:/gcc-arm-none-eabi/bin/../lib/gcc/arm-none-eabi/10.3.1/../../../../arm-none-eabi/lib/thumb/v7e-m/nofp\libg.a(lib_a-fputwc.o)
                0x08008a00                __fputwc
 .text._fputwc_r
                0x08008aa8       0x68 c:/gcc-arm-none-eabi/bin/../lib/gcc/arm-none-eabi/10.3.1/../../../../arm-none-eabi/lib/thumb/v7e-m/nofp\libg.a(lib_a-fputwc.o)
                0x08008aa8                _fputwc_r
 .text.__sfvwrite_r
                0x08008b10      0x2e8 c:/gcc-arm-none-eabi/bin/../lib/gcc/arm-none-eabi/10.3.1/../../../../arm-none-eabi/lib/thumb/v7e-m/nofp\libg.a(lib_a-fvwrite.o)
                0x08008b10                __sfvwrite_r
 .text._fwalk_reent
                0x08008df8       0x48 c:/gcc-arm-none-eabi/bin/../lib/gcc/arm-none-eabi/10.3.1/../../../../arm-none-eabi/lib/thumb/v7e-m/nofp\libg.a(lib_a-fwalk.o)
                0x08008df8                _fwalk_reent
 .text.__smakebuf_r
                0x08008e40       0xe0 c:/gcc-arm-none-eabi/bin/../lib/gcc/arm-none-eabi/10.3.1/../../../../arm-none-eabi/lib/thumb/v7e-m/nofp\libg.a(lib_a-makebuf.o)
                0x08008e40                __smakebuf_r
 .text.raise    0x08008f20       0x5c c:/gcc-arm-none-eabi/bin/../lib/gcc/arm-none-eabi/10.3.1/../../../../arm-none-eabi/lib/thumb/v7e-m/nofp\libg.a(lib_a-signal.o)
                0x08008f20                raise
 .text._kill_r  0x08008f7c       0x2c c:/gcc-arm-none-eabi/bin/../lib/gcc/arm-none-eabi/10.3.1/../../../../arm-none-eabi/lib/thumb/v7e-m/nofp\libg.a(lib_a-signalr.o)
                0x08008f7c                _kill_r
 .text._getpid_r
                0x08008fa8        0x4 c:/gcc-arm-none-eabi/bin/../lib/gcc/arm-none-eabi/10.3.1/../../../../arm-none-eabi/lib/thumb/v7e-m/nofp\libg.a(lib_a-signalr.o)
                0x08008fa8                _getpid_r
 .text.__sread  0x08008fac       0x24 c:/gcc-arm-none-eabi/bin/../lib/gcc/arm-none-eabi/10.3.1/../../../../arm-none-eabi/lib/thumb/v7e-m/nofp\libg.a(lib_a-stdio.o)
                0x08008fac                __sread
 .text.__swrite
                0x08008fd0       0x40 c:/gcc-arm-none-eabi/bin/../lib/gcc/arm-none-eabi/10.3.1/../../../../arm-none-eabi/lib/thumb/v7e-m/nofp\libg.a(lib_a-stdio.o)
                0x08008fd0                __swrite
 .text.__sseek  0x08009010       0x20 c:/gcc-arm-none-eabi/bin/../lib/gcc/arm-none-eabi/10.3.1/../../../../arm-none-eabi/lib/thumb/v7e-m/nofp\libg.a(lib_a-stdio.o)
                0x08009010                __sseek
 .text.__sclose
                0x08009030        0x8 c:/gcc-arm-none-eabi/bin/../lib/gcc/arm-none-eabi/10.3.1/../../../../arm-none-eabi/lib/thumb/v7e-m/nofp\libg.a(lib_a-stdio.o)
                0x08009030                __sclose
 .text.__swbuf_r
                0x08009038       0xb0 c:/gcc-arm-none-eabi/bin/../lib/gcc/arm-none-eabi/10.3.1/../../../../arm-none-eabi/lib/thumb/v7e-m/nofp\libg.a(lib_a-wbuf.o)
                0x08009038                __swbuf_r
 .text._wcrtomb_r
                0x080090e8       0x3c c:/gcc-arm-none-eabi/bin/../lib/gcc/arm-none-eabi/10.3.1/../../../../arm-none-eabi/lib/thumb/v7e-m/nofp\libg.a(lib_a-wcrtomb.o)
                0x080090e8                _wcrtomb_r
 .text._write_r
                0x08009124       0x2c c:/gcc-arm-none-eabi/bin/../lib/gcc/arm-none-eabi/10.3.1/../../../../arm-none-eabi/lib/thumb/v7e-m/nofp\libg.a(lib_a-writer.o)
                0x08009124                _write_r
 .text._close_r
                0x08009150       0x24 c:/gcc-arm-none-eabi/bin/../lib/gcc/arm-none-eabi/10.3.1/../../../../arm-none-eabi/lib/thumb/v7e-m/nofp\libg.a(lib_a-closer.o)
                0x08009150                _close_r
 .text._fclose_r
                0x08009174       0xcc c:/gcc-arm-none-eabi/bin/../lib/gcc/arm-none-eabi/10.3.1/../../../../arm-none-eabi/lib/thumb/v7e-m/nofp\libg.a(lib_a-fclose.o)
                0x08009174                _fclose_r
 .text._fstat_r
                0x08009240       0x2c c:/gcc-arm-none-eabi/bin/../lib/gcc/arm-none-eabi/10.3.1/../../../../arm-none-eabi/lib/thumb/v7e-m/nofp\libg.a(lib_a-fstatr.o)
                0x08009240                _fstat_r
 .text._isatty_r
                0x0800926c       0x24 c:/gcc-arm-none-eabi/bin/../lib/gcc/arm-none-eabi/10.3.1/../../../../arm-none-eabi/lib/thumb/v7e-m/nofp\libg.a(lib_a-isattyr.o)
                0x0800926c                _isatty_r
 .text._lseek_r
                0x08009290       0x2c c:/gcc-arm-none-eabi/bin/../lib/gcc/arm-none-eabi/10.3.1/../../../../arm-none-eabi/lib/thumb/v7e-m/nofp\libg.a(lib_a-lseekr.o)
                0x08009290                _lseek_r
 .text._read_r  0x080092bc       0x2c c:/gcc-arm-none-eabi/bin/../lib/gcc/arm-none-eabi/10.3.1/../../../../arm-none-eabi/lib/thumb/v7e-m/nofp\libg.a(lib_a-readr.o)
                0x080092bc                _read_r
 *(.glue_7)
 .glue_7        0x080092e8        0x0 linker stubs
 *(.glue_7t)
 .glue_7t       0x080092e8        0x0 linker stubs
 *(.eh_frame)
 .eh_frame      0x080092e8        0x0 c:/gcc-arm-none-eabi/bin/../lib/gcc/arm-none-eabi/10.3.1/thumb/v7e-m/nofp/crtbegin.o
 *(.init)
 .init          0x080092e8        0x4 c:/gcc-arm-none-eabi/bin/../lib/gcc/arm-none-eabi/10.3.1/thumb/v7e-m/nofp/crti.o
                0x080092e8                _init
 .init          0x080092ec        0x8 c:/gcc-arm-none-eabi/bin/../lib/gcc/arm-none-eabi/10.3.1/thumb/v7e-m/nofp/crtn.o
 *(.fini)
 .fini          0x080092f4        0x4 c:/gcc-arm-none-eabi/bin/../lib/gcc/arm-none-eabi/10.3.1/thumb/v7e-m/nofp/crti.o
                0x080092f4                _fini
 .fini          0x080092f8        0x8 c:/gcc-arm-none-eabi/bin/../lib/gcc/arm-none-eabi/10.3.1/thumb/v7e-m/nofp/crtn.o
                0x08009300                . = ALIGN (0x4)
                0x08009300                _etext = .

.vfp11_veneer   0x08009300        0x0
 .vfp11_veneer  0x08009300        0x0 linker stubs

.v4_bx          0x08009300        0x0
 .v4_bx         0x08009300        0x0 linker stubs

.iplt           0x08009300        0x0
 .iplt          0x08009300        0x0 c:/gcc-arm-none-eabi/bin/../lib/gcc/arm-none-eabi/10.3.1/thumb/v7e-m/nofp/crtbegin.o

.rodata         0x08009300      0x458
                0x08009300                . = ALIGN (0x4)
 *(.rodata)
 *(.rodata*)
 .rodata.send.str1.4
                0x08009300       0x17 CMakeFiles/motor.elf.dir/Core/Src/usart.c.obj
 *fill*         0x08009317        0x1 
 .rodata.LL_RCC_PrescTable
                0x08009318       0x10 CMakeFiles/motor.elf.dir/Drivers/STM32H7xx_HAL_Driver/Src/stm32h7xx_ll_rcc.c.obj
                0x08009318                LL_RCC_PrescTable
 .rodata.USART_PRESCALER_TAB
                0x08009328       0x30 CMakeFiles/motor.elf.dir/Drivers/STM32H7xx_HAL_Driver/Src/stm32h7xx_ll_usart.c.obj
 .rodata._global_impure_ptr
                0x08009358        0x4 c:/gcc-arm-none-eabi/bin/../lib/gcc/arm-none-eabi/10.3.1/../../../../arm-none-eabi/lib/thumb/v7e-m/nofp\libg.a(lib_a-impure.o)
                0x08009358                _global_impure_ptr
 .rodata._svfprintf_r.str1.4
                0x0800935c       0x42 c:/gcc-arm-none-eabi/bin/../lib/gcc/arm-none-eabi/10.3.1/../../../../arm-none-eabi/lib/thumb/v7e-m/nofp\libg.a(lib_a-svfprintf.o)
 *fill*         0x0800939e        0x2 
 .rodata.blanks.1
                0x080093a0       0x10 c:/gcc-arm-none-eabi/bin/../lib/gcc/arm-none-eabi/10.3.1/../../../../arm-none-eabi/lib/thumb/v7e-m/nofp\libg.a(lib_a-svfprintf.o)
 .rodata.zeroes.0
                0x080093b0       0x10 c:/gcc-arm-none-eabi/bin/../lib/gcc/arm-none-eabi/10.3.1/../../../../arm-none-eabi/lib/thumb/v7e-m/nofp\libg.a(lib_a-svfprintf.o)
 .rodata._dtoa_r.str1.4
                0x080093c0       0xa2 c:/gcc-arm-none-eabi/bin/../lib/gcc/arm-none-eabi/10.3.1/../../../../arm-none-eabi/lib/thumb/v7e-m/nofp\libg.a(lib_a-dtoa.o)
                                 0xa6 (size before relaxing)
 *fill*         0x08009462        0x2 
 .rodata.__multadd.str1.4
                0x08009464       0x7f c:/gcc-arm-none-eabi/bin/../lib/gcc/arm-none-eabi/10.3.1/../../../../arm-none-eabi/lib/thumb/v7e-m/nofp\libg.a(lib_a-mprec.o)
                                 0x93 (size before relaxing)
 *fill*         0x080094e3        0x5 
 .rodata.__mprec_bigtens
                0x080094e8       0x28 c:/gcc-arm-none-eabi/bin/../lib/gcc/arm-none-eabi/10.3.1/../../../../arm-none-eabi/lib/thumb/v7e-m/nofp\libg.a(lib_a-mprec.o)
                0x080094e8                __mprec_bigtens
 .rodata.__mprec_tens
                0x08009510       0xc8 c:/gcc-arm-none-eabi/bin/../lib/gcc/arm-none-eabi/10.3.1/../../../../arm-none-eabi/lib/thumb/v7e-m/nofp\libg.a(lib_a-mprec.o)
                0x08009510                __mprec_tens
 .rodata.p05.0  0x080095d8        0xc c:/gcc-arm-none-eabi/bin/../lib/gcc/arm-none-eabi/10.3.1/../../../../arm-none-eabi/lib/thumb/v7e-m/nofp\libg.a(lib_a-mprec.o)
 .rodata.__assert_func.str1.4
                0x080095e4       0x3f c:/gcc-arm-none-eabi/bin/../lib/gcc/arm-none-eabi/10.3.1/../../../../arm-none-eabi/lib/thumb/v7e-m/nofp\libg.a(lib_a-assert.o)
                                 0x43 (size before relaxing)
 *fill*         0x08009623        0x1 
 .rodata._setlocale_r.str1.4
                0x08009624        0xa c:/gcc-arm-none-eabi/bin/../lib/gcc/arm-none-eabi/10.3.1/../../../../arm-none-eabi/lib/thumb/v7e-m/nofp\libg.a(lib_a-locale.o)
                                  0xd (size before relaxing)
 *fill*         0x0800962e        0x2 
 .rodata.str1.4
                0x08009630        0x2 c:/gcc-arm-none-eabi/bin/../lib/gcc/arm-none-eabi/10.3.1/../../../../arm-none-eabi/lib/thumb/v7e-m/nofp\libg.a(lib_a-locale.o)
 .rodata._vfiprintf_r.str1.4
                0x08009632       0x2f c:/gcc-arm-none-eabi/bin/../lib/gcc/arm-none-eabi/10.3.1/../../../../arm-none-eabi/lib/thumb/v7e-m/nofp\libg.a(lib_a-vfiprintf.o)
 *fill*         0x08009632        0x2 
 .rodata.blanks.1
                0x08009634       0x10 c:/gcc-arm-none-eabi/bin/../lib/gcc/arm-none-eabi/10.3.1/../../../../arm-none-eabi/lib/thumb/v7e-m/nofp\libg.a(lib_a-vfiprintf.o)
 .rodata.zeroes.0
                0x08009644       0x10 c:/gcc-arm-none-eabi/bin/../lib/gcc/arm-none-eabi/10.3.1/../../../../arm-none-eabi/lib/thumb/v7e-m/nofp\libg.a(lib_a-vfiprintf.o)
 .rodata._ctype_
                0x08009654      0x101 c:/gcc-arm-none-eabi/bin/../lib/gcc/arm-none-eabi/10.3.1/../../../../arm-none-eabi/lib/thumb/v7e-m/nofp\libg.a(lib_a-ctype_.o)
                0x08009654                _ctype_
                0x08009758                . = ALIGN (0x4)
 *fill*         0x08009755        0x3 

.ARM.extab
 *(.ARM.extab* .gnu.linkonce.armextab.*)

.ARM            0x08009758        0x8
                0x08009758                __exidx_start = .
 *(.ARM.exidx*)
 .ARM.exidx     0x08009758        0x8 c:/gcc-arm-none-eabi/bin/../lib/gcc/arm-none-eabi/10.3.1/thumb/v7e-m/nofp\libgcc.a(_udivmoddi4.o)
                0x08009760                __exidx_end = .

.rel.dyn        0x08009760        0x0
 .rel.iplt      0x08009760        0x0 c:/gcc-arm-none-eabi/bin/../lib/gcc/arm-none-eabi/10.3.1/thumb/v7e-m/nofp/crtbegin.o

.preinit_array  0x08009760        0x0
                0x08009760                PROVIDE (__preinit_array_start = .)
 *(.preinit_array*)
                0x08009760                PROVIDE (__preinit_array_end = .)

.init_array     0x08009760        0x8
                0x08009760                PROVIDE (__init_array_start = .)
 *(SORT_BY_NAME(.init_array.*))
 .init_array.00000
                0x08009760        0x4 c:/gcc-arm-none-eabi/bin/../lib/gcc/arm-none-eabi/10.3.1/../../../../arm-none-eabi/lib/thumb/v7e-m/nofp\libg.a(lib_a-__call_atexit.o)
 *(.init_array*)
 .init_array    0x08009764        0x4 c:/gcc-arm-none-eabi/bin/../lib/gcc/arm-none-eabi/10.3.1/thumb/v7e-m/nofp/crtbegin.o
                0x08009768                PROVIDE (__init_array_end = .)

.fini_array     0x08009768        0x4
                0x08009768                PROVIDE (__fini_array_start = .)
 *(SORT_BY_NAME(.fini_array.*))
 *(.fini_array*)
 .fini_array    0x08009768        0x4 c:/gcc-arm-none-eabi/bin/../lib/gcc/arm-none-eabi/10.3.1/thumb/v7e-m/nofp/crtbegin.o
                0x0800976c                PROVIDE (__fini_array_end = .)
                0x0800976c                _sidata = LOADADDR (.data)

.data           0x24000000      0xa30 load address 0x0800976c
                0x24000000                . = ALIGN (0x4)
                0x24000000                _sdata = .
 *(.data)
 *(.data*)
 .data.rxBuffer
                0x24000000       0x80 CMakeFiles/motor.elf.dir/Core/Src/main.c.obj
                0x24000000                rxBuffer
 .data.SystemCoreClock
                0x24000080        0x4 CMakeFiles/motor.elf.dir/Core/Src/system_stm32h7xx.c.obj
                0x24000080                SystemCoreClock
 .data._impure_ptr
                0x24000084        0x4 c:/gcc-arm-none-eabi/bin/../lib/gcc/arm-none-eabi/10.3.1/../../../../arm-none-eabi/lib/thumb/v7e-m/nofp\libg.a(lib_a-impure.o)
                0x24000084                _impure_ptr
 .data.impure_data
                0x24000088      0x428 c:/gcc-arm-none-eabi/bin/../lib/gcc/arm-none-eabi/10.3.1/../../../../arm-none-eabi/lib/thumb/v7e-m/nofp\libg.a(lib_a-impure.o)
 .data.__atexit_recursive_mutex
                0x240004b0        0x4 c:/gcc-arm-none-eabi/bin/../lib/gcc/arm-none-eabi/10.3.1/../../../../arm-none-eabi/lib/thumb/v7e-m/nofp\libg.a(lib_a-__call_atexit.o)
                0x240004b0                __atexit_recursive_mutex
 .data.__malloc_av_
                0x240004b4      0x408 c:/gcc-arm-none-eabi/bin/../lib/gcc/arm-none-eabi/10.3.1/../../../../arm-none-eabi/lib/thumb/v7e-m/nofp\libg.a(lib_a-mallocr.o)
                0x240004b4                __malloc_av_
 .data.__malloc_sbrk_base
                0x240008bc        0x4 c:/gcc-arm-none-eabi/bin/../lib/gcc/arm-none-eabi/10.3.1/../../../../arm-none-eabi/lib/thumb/v7e-m/nofp\libg.a(lib_a-mallocr.o)
                0x240008bc                __malloc_sbrk_base
 .data.__malloc_trim_threshold
                0x240008c0        0x4 c:/gcc-arm-none-eabi/bin/../lib/gcc/arm-none-eabi/10.3.1/../../../../arm-none-eabi/lib/thumb/v7e-m/nofp\libg.a(lib_a-mallocr.o)
                0x240008c0                __malloc_trim_threshold
 .data.__global_locale
                0x240008c4      0x16c c:/gcc-arm-none-eabi/bin/../lib/gcc/arm-none-eabi/10.3.1/../../../../arm-none-eabi/lib/thumb/v7e-m/nofp\libg.a(lib_a-locale.o)
                0x240008c4                __global_locale
 *(.RamFunc)
 *(.RamFunc*)
                0x24000a30                . = ALIGN (0x4)
                0x24000a30                _edata = .

.igot.plt       0x24000a30        0x0 load address 0x0800a19c
 .igot.plt      0x24000a30        0x0 c:/gcc-arm-none-eabi/bin/../lib/gcc/arm-none-eabi/10.3.1/thumb/v7e-m/nofp/crtbegin.o
                0x24000a30                . = ALIGN (0x4)

.bss            0x24000a30      0x12c load address 0x0800a19c
                0x24000a30                _sbss = .
                0x24000a30                __bss_start__ = _sbss
 *(.bss)
 .bss           0x24000a30       0x1c c:/gcc-arm-none-eabi/bin/../lib/gcc/arm-none-eabi/10.3.1/thumb/v7e-m/nofp/crtbegin.o
 *(.bss*)
 .bss.angular   0x24000a4c        0x4 CMakeFiles/motor.elf.dir/Core/Src/main.c.obj
                0x24000a4c                angular
 .bss.buffer    0x24000a50       0x80 CMakeFiles/motor.elf.dir/Core/Src/main.c.obj
                0x24000a50                buffer
 .bss.goal      0x24000ad0        0x4 CMakeFiles/motor.elf.dir/Core/Src/main.c.obj
                0x24000ad0                goal
 *fill*         0x24000ad4        0x4 
 .bss.lastValue
                0x24000ad8        0x8 CMakeFiles/motor.elf.dir/Core/Src/main.c.obj
                0x24000ad8                lastValue
 .bss.pid       0x24000ae0       0x24 CMakeFiles/motor.elf.dir/Core/Src/main.c.obj
                0x24000ae0                pid
 *fill*         0x24000b04        0x4 
 .bss.value     0x24000b08        0x8 CMakeFiles/motor.elf.dir/Core/Src/main.c.obj
                0x24000b08                value
 .bss.__sbrk_heap_end
                0x24000b10        0x4 CMakeFiles/motor.elf.dir/Core/Src/sysmem.c.obj
 .bss.__lock___atexit_recursive_mutex
                0x24000b14        0x1 c:/gcc-arm-none-eabi/bin/../lib/gcc/arm-none-eabi/10.3.1/../../../../arm-none-eabi/lib/thumb/v7e-m/nofp\libg.a(lib_a-lock.o)
                0x24000b14                __lock___atexit_recursive_mutex
 *fill*         0x24000b15        0x3 
 .bss.__lock___malloc_recursive_mutex
                0x24000b18        0x1 c:/gcc-arm-none-eabi/bin/../lib/gcc/arm-none-eabi/10.3.1/../../../../arm-none-eabi/lib/thumb/v7e-m/nofp\libg.a(lib_a-lock.o)
                0x24000b18                __lock___malloc_recursive_mutex
 *fill*         0x24000b19        0x3 
 .bss.__lock___sfp_recursive_mutex
                0x24000b1c        0x1 c:/gcc-arm-none-eabi/bin/../lib/gcc/arm-none-eabi/10.3.1/../../../../arm-none-eabi/lib/thumb/v7e-m/nofp\libg.a(lib_a-lock.o)
                0x24000b1c                __lock___sfp_recursive_mutex
 *fill*         0x24000b1d        0x3 
 .bss.__lock___sinit_recursive_mutex
                0x24000b20        0x1 c:/gcc-arm-none-eabi/bin/../lib/gcc/arm-none-eabi/10.3.1/../../../../arm-none-eabi/lib/thumb/v7e-m/nofp\libg.a(lib_a-lock.o)
                0x24000b20                __lock___sinit_recursive_mutex
 *fill*         0x24000b21        0x3 
 .bss.__malloc_current_mallinfo
                0x24000b24       0x28 c:/gcc-arm-none-eabi/bin/../lib/gcc/arm-none-eabi/10.3.1/../../../../arm-none-eabi/lib/thumb/v7e-m/nofp\libg.a(lib_a-mallocr.o)
                0x24000b24                __malloc_current_mallinfo
 .bss.__malloc_max_sbrked_mem
                0x24000b4c        0x4 c:/gcc-arm-none-eabi/bin/../lib/gcc/arm-none-eabi/10.3.1/../../../../arm-none-eabi/lib/thumb/v7e-m/nofp\libg.a(lib_a-mallocr.o)
                0x24000b4c                __malloc_max_sbrked_mem
 .bss.__malloc_max_total_mem
                0x24000b50        0x4 c:/gcc-arm-none-eabi/bin/../lib/gcc/arm-none-eabi/10.3.1/../../../../arm-none-eabi/lib/thumb/v7e-m/nofp\libg.a(lib_a-mallocr.o)
                0x24000b50                __malloc_max_total_mem
 .bss.__malloc_top_pad
                0x24000b54        0x4 c:/gcc-arm-none-eabi/bin/../lib/gcc/arm-none-eabi/10.3.1/../../../../arm-none-eabi/lib/thumb/v7e-m/nofp\libg.a(lib_a-mallocr.o)
                0x24000b54                __malloc_top_pad
 .bss.errno     0x24000b58        0x4 c:/gcc-arm-none-eabi/bin/../lib/gcc/arm-none-eabi/10.3.1/../../../../arm-none-eabi/lib/thumb/v7e-m/nofp\libg.a(lib_a-reent.o)
                0x24000b58                errno
 *(COMMON)
                0x24000b5c                . = ALIGN (0x4)
                0x24000b5c                _ebss = .
                0x24000b5c                __bss_end__ = _ebss

._user_heap_stack
                0x24000b5c      0x604 load address 0x0800a19c
                0x24000b60                . = ALIGN (0x8)
 *fill*         0x24000b5c        0x4 
                [!provide]                PROVIDE (end = .)
                0x24000b60                PROVIDE (_end = .)
                0x24000d60                . = (. + _Min_Heap_Size)
 *fill*         0x24000b60      0x200 
                0x24001160                . = (. + _Min_Stack_Size)
 *fill*         0x24000d60      0x400 
                0x24001160                . = ALIGN (0x8)

/DISCARD/
 libc.a(*)
 libm.a(*)
 libgcc.a(*)

.ARM.attributes
                0x00000000       0x2a
 *(.ARM.attributes)
 .ARM.attributes
                0x00000000       0x1e c:/gcc-arm-none-eabi/bin/../lib/gcc/arm-none-eabi/10.3.1/thumb/v7e-m/nofp/crti.o
 .ARM.attributes
                0x0000001e       0x2e c:/gcc-arm-none-eabi/bin/../lib/gcc/arm-none-eabi/10.3.1/thumb/v7e-m/nofp/crtbegin.o
 .ARM.attributes
                0x0000004c       0x2e CMakeFiles/motor.elf.dir/Core/Src/dma.c.obj
 .ARM.attributes
                0x0000007a       0x2e CMakeFiles/motor.elf.dir/Core/Src/gpio.c.obj
 .ARM.attributes
                0x000000a8       0x2e CMakeFiles/motor.elf.dir/Core/Src/main.c.obj
 .ARM.attributes
                0x000000d6       0x2e CMakeFiles/motor.elf.dir/Core/Src/stm32h7xx_it.c.obj
 .ARM.attributes
                0x00000104       0x2e CMakeFiles/motor.elf.dir/Core/Src/syscalls.c.obj
 .ARM.attributes
                0x00000132       0x2e CMakeFiles/motor.elf.dir/Core/Src/sysmem.c.obj
 .ARM.attributes
                0x00000160       0x2e CMakeFiles/motor.elf.dir/Core/Src/system_stm32h7xx.c.obj
 .ARM.attributes
                0x0000018e       0x2e CMakeFiles/motor.elf.dir/Core/Src/tim.c.obj
 .ARM.attributes
                0x000001bc       0x2e CMakeFiles/motor.elf.dir/Core/Src/usart.c.obj
 .ARM.attributes
                0x000001ea       0x21 CMakeFiles/motor.elf.dir/Core/Startup/startup_stm32h743vgtx.s.obj
 .ARM.attributes
                0x0000020b       0x2e CMakeFiles/motor.elf.dir/Drivers/STM32H7xx_HAL_Driver/Src/stm32h7xx_ll_gpio.c.obj
 .ARM.attributes
                0x00000239       0x2e CMakeFiles/motor.elf.dir/Drivers/STM32H7xx_HAL_Driver/Src/stm32h7xx_ll_rcc.c.obj
 .ARM.attributes
                0x00000267       0x2e CMakeFiles/motor.elf.dir/Drivers/STM32H7xx_HAL_Driver/Src/stm32h7xx_ll_tim.c.obj
 .ARM.attributes
                0x00000295       0x2e CMakeFiles/motor.elf.dir/Drivers/STM32H7xx_HAL_Driver/Src/stm32h7xx_ll_usart.c.obj
 .ARM.attributes
                0x000002c3       0x2e CMakeFiles/motor.elf.dir/Drivers/STM32H7xx_HAL_Driver/Src/stm32h7xx_ll_utils.c.obj
 .ARM.attributes
                0x000002f1       0x1e c:/gcc-arm-none-eabi/bin/../lib/gcc/arm-none-eabi/10.3.1/thumb/v7e-m/nofp\libgcc.a(_arm_addsubdf3.o)
 .ARM.attributes
                0x0000030f       0x1e c:/gcc-arm-none-eabi/bin/../lib/gcc/arm-none-eabi/10.3.1/thumb/v7e-m/nofp\libgcc.a(_arm_muldivdf3.o)
 .ARM.attributes
                0x0000032d       0x1e c:/gcc-arm-none-eabi/bin/../lib/gcc/arm-none-eabi/10.3.1/thumb/v7e-m/nofp\libgcc.a(_arm_truncdfsf2.o)
 .ARM.attributes
                0x0000034b       0x1e c:/gcc-arm-none-eabi/bin/../lib/gcc/arm-none-eabi/10.3.1/thumb/v7e-m/nofp\libgcc.a(_arm_addsubsf3.o)
 .ARM.attributes
                0x00000369       0x1e c:/gcc-arm-none-eabi/bin/../lib/gcc/arm-none-eabi/10.3.1/thumb/v7e-m/nofp\libgcc.a(_arm_muldivsf3.o)
 .ARM.attributes
                0x00000387       0x1e c:/gcc-arm-none-eabi/bin/../lib/gcc/arm-none-eabi/10.3.1/thumb/v7e-m/nofp\libgcc.a(_arm_cmpsf2.o)
 .ARM.attributes
                0x000003a5       0x1e c:/gcc-arm-none-eabi/bin/../lib/gcc/arm-none-eabi/10.3.1/thumb/v7e-m/nofp\libgcc.a(_arm_fixunssfsi.o)
 .ARM.attributes
                0x000003c3       0x2e c:/gcc-arm-none-eabi/bin/../lib/gcc/arm-none-eabi/10.3.1/../../../../arm-none-eabi/lib/thumb/v7e-m/nofp\libg.a(lib_a-errno.o)
 .ARM.attributes
                0x000003f1       0x2e c:/gcc-arm-none-eabi/bin/../lib/gcc/arm-none-eabi/10.3.1/../../../../arm-none-eabi/lib/thumb/v7e-m/nofp\libg.a(lib_a-impure.o)
 .ARM.attributes
                0x0000041f       0x2e c:/gcc-arm-none-eabi/bin/../lib/gcc/arm-none-eabi/10.3.1/../../../../arm-none-eabi/lib/thumb/v7e-m/nofp\libg.a(lib_a-init.o)
 .ARM.attributes
                0x0000044d       0x2e c:/gcc-arm-none-eabi/bin/../lib/gcc/arm-none-eabi/10.3.1/../../../../arm-none-eabi/lib/thumb/v7e-m/nofp\libg.a(lib_a-memset.o)
 .ARM.attributes
                0x0000047b       0x2e c:/gcc-arm-none-eabi/bin/../lib/gcc/arm-none-eabi/10.3.1/../../../../arm-none-eabi/lib/thumb/v7e-m/nofp\libg.a(lib_a-sprintf.o)
 .ARM.attributes
                0x000004a9       0x2e c:/gcc-arm-none-eabi/bin/../lib/gcc/arm-none-eabi/10.3.1/../../../../arm-none-eabi/lib/thumb/v7e-m/nofp\libg.a(lib_a-svfprintf.o)
 .ARM.attributes
                0x000004d7       0x2e c:/gcc-arm-none-eabi/bin/../lib/gcc/arm-none-eabi/10.3.1/../../../../arm-none-eabi/lib/thumb/v7e-m/nofp\libg.a(lib_a-__call_atexit.o)
 .ARM.attributes
                0x00000505       0x2e c:/gcc-arm-none-eabi/bin/../lib/gcc/arm-none-eabi/10.3.1/../../../../arm-none-eabi/lib/thumb/v7e-m/nofp\libg.a(lib_a-atexit.o)
 .ARM.attributes
                0x00000533       0x2e c:/gcc-arm-none-eabi/bin/../lib/gcc/arm-none-eabi/10.3.1/../../../../arm-none-eabi/lib/thumb/v7e-m/nofp\libg.a(lib_a-dtoa.o)
 .ARM.attributes
                0x00000561       0x2e c:/gcc-arm-none-eabi/bin/../lib/gcc/arm-none-eabi/10.3.1/../../../../arm-none-eabi/lib/thumb/v7e-m/nofp\libg.a(lib_a-fini.o)
 .ARM.attributes
                0x0000058f       0x2e c:/gcc-arm-none-eabi/bin/../lib/gcc/arm-none-eabi/10.3.1/../../../../arm-none-eabi/lib/thumb/v7e-m/nofp\libg.a(lib_a-freer.o)
 .ARM.attributes
                0x000005bd       0x2e c:/gcc-arm-none-eabi/bin/../lib/gcc/arm-none-eabi/10.3.1/../../../../arm-none-eabi/lib/thumb/v7e-m/nofp\libg.a(lib_a-localeconv.o)
 .ARM.attributes
                0x000005eb       0x2e c:/gcc-arm-none-eabi/bin/../lib/gcc/arm-none-eabi/10.3.1/../../../../arm-none-eabi/lib/thumb/v7e-m/nofp\libg.a(lib_a-lock.o)
 .ARM.attributes
                0x00000619       0x2e c:/gcc-arm-none-eabi/bin/../lib/gcc/arm-none-eabi/10.3.1/../../../../arm-none-eabi/lib/thumb/v7e-m/nofp\libg.a(lib_a-mallocr.o)
 .ARM.attributes
                0x00000647       0x1c c:/gcc-arm-none-eabi/bin/../lib/gcc/arm-none-eabi/10.3.1/../../../../arm-none-eabi/lib/thumb/v7e-m/nofp\libg.a(lib_a-memchr.o)
 .ARM.attributes
                0x00000663       0x1c c:/gcc-arm-none-eabi/bin/../lib/gcc/arm-none-eabi/10.3.1/../../../../arm-none-eabi/lib/thumb/v7e-m/nofp\libg.a(lib_a-memcpy.o)
 .ARM.attributes
                0x0000067f       0x2e c:/gcc-arm-none-eabi/bin/../lib/gcc/arm-none-eabi/10.3.1/../../../../arm-none-eabi/lib/thumb/v7e-m/nofp\libg.a(lib_a-mlock.o)
 .ARM.attributes
                0x000006ad       0x2e c:/gcc-arm-none-eabi/bin/../lib/gcc/arm-none-eabi/10.3.1/../../../../arm-none-eabi/lib/thumb/v7e-m/nofp\libg.a(lib_a-mprec.o)
 .ARM.attributes
                0x000006db       0x2e c:/gcc-arm-none-eabi/bin/../lib/gcc/arm-none-eabi/10.3.1/../../../../arm-none-eabi/lib/thumb/v7e-m/nofp\libg.a(lib_a-s_frexp.o)
 .ARM.attributes
                0x00000709       0x2e c:/gcc-arm-none-eabi/bin/../lib/gcc/arm-none-eabi/10.3.1/../../../../arm-none-eabi/lib/thumb/v7e-m/nofp\libg.a(lib_a-sbrkr.o)
 .ARM.attributes
                0x00000737       0x1c c:/gcc-arm-none-eabi/bin/../lib/gcc/arm-none-eabi/10.3.1/../../../../arm-none-eabi/lib/thumb/v7e-m/nofp\libg.a(lib_a-strlen.o)
 .ARM.attributes
                0x00000753       0x2e c:/gcc-arm-none-eabi/bin/../lib/gcc/arm-none-eabi/10.3.1/../../../../arm-none-eabi/lib/thumb/v7e-m/nofp\libg.a(lib_a-strncpy.o)
 .ARM.attributes
                0x00000781       0x2e c:/gcc-arm-none-eabi/bin/../lib/gcc/arm-none-eabi/10.3.1/../../../../arm-none-eabi/lib/thumb/v7e-m/nofp\libg.a(lib_a-svfiprintf.o)
 .ARM.attributes
                0x000007af       0x2e c:/gcc-arm-none-eabi/bin/../lib/gcc/arm-none-eabi/10.3.1/../../../../arm-none-eabi/lib/thumb/v7e-m/nofp\libg.a(lib_a-__atexit.o)
 .ARM.attributes
                0x000007dd       0x2e c:/gcc-arm-none-eabi/bin/../lib/gcc/arm-none-eabi/10.3.1/../../../../arm-none-eabi/lib/thumb/v7e-m/nofp\libg.a(lib_a-assert.o)
 .ARM.attributes
                0x0000080b       0x2e c:/gcc-arm-none-eabi/bin/../lib/gcc/arm-none-eabi/10.3.1/../../../../arm-none-eabi/lib/thumb/v7e-m/nofp\libg.a(lib_a-callocr.o)
 .ARM.attributes
                0x00000839       0x2e c:/gcc-arm-none-eabi/bin/../lib/gcc/arm-none-eabi/10.3.1/../../../../arm-none-eabi/lib/thumb/v7e-m/nofp\libg.a(lib_a-fiprintf.o)
 .ARM.attributes
                0x00000867       0x2e c:/gcc-arm-none-eabi/bin/../lib/gcc/arm-none-eabi/10.3.1/../../../../arm-none-eabi/lib/thumb/v7e-m/nofp\libg.a(lib_a-locale.o)
 .ARM.attributes
                0x00000895       0x2e c:/gcc-arm-none-eabi/bin/../lib/gcc/arm-none-eabi/10.3.1/../../../../arm-none-eabi/lib/thumb/v7e-m/nofp\libg.a(lib_a-mbtowc_r.o)
 .ARM.attributes
                0x000008c3       0x2e c:/gcc-arm-none-eabi/bin/../lib/gcc/arm-none-eabi/10.3.1/../../../../arm-none-eabi/lib/thumb/v7e-m/nofp\libg.a(lib_a-memmove.o)
 .ARM.attributes
                0x000008f1       0x2e c:/gcc-arm-none-eabi/bin/../lib/gcc/arm-none-eabi/10.3.1/../../../../arm-none-eabi/lib/thumb/v7e-m/nofp\libg.a(lib_a-reallocr.o)
 .ARM.attributes
                0x0000091f       0x2e c:/gcc-arm-none-eabi/bin/../lib/gcc/arm-none-eabi/10.3.1/../../../../arm-none-eabi/lib/thumb/v7e-m/nofp\libg.a(lib_a-reent.o)
 .ARM.attributes
                0x0000094d       0x2e c:/gcc-arm-none-eabi/bin/../lib/gcc/arm-none-eabi/10.3.1/../../../../arm-none-eabi/lib/thumb/v7e-m/nofp\libg.a(lib_a-vfiprintf.o)
 .ARM.attributes
                0x0000097b       0x2e c:/gcc-arm-none-eabi/bin/../lib/gcc/arm-none-eabi/10.3.1/../../../../arm-none-eabi/lib/thumb/v7e-m/nofp\libg.a(lib_a-wctomb_r.o)
 .ARM.attributes
                0x000009a9       0x2e c:/gcc-arm-none-eabi/bin/../lib/gcc/arm-none-eabi/10.3.1/../../../../arm-none-eabi/lib/thumb/v7e-m/nofp\libg.a(lib_a-wsetup.o)
 .ARM.attributes
                0x000009d7       0x2e c:/gcc-arm-none-eabi/bin/../lib/gcc/arm-none-eabi/10.3.1/../../../../arm-none-eabi/lib/thumb/v7e-m/nofp\libg.a(lib_a-abort.o)
 .ARM.attributes
                0x00000a05       0x2e c:/gcc-arm-none-eabi/bin/../lib/gcc/arm-none-eabi/10.3.1/../../../../arm-none-eabi/lib/thumb/v7e-m/nofp\libg.a(lib_a-ctype_.o)
 .ARM.attributes
                0x00000a33       0x2e c:/gcc-arm-none-eabi/bin/../lib/gcc/arm-none-eabi/10.3.1/../../../../arm-none-eabi/lib/thumb/v7e-m/nofp\libg.a(lib_a-fflush.o)
 .ARM.attributes
                0x00000a61       0x2e c:/gcc-arm-none-eabi/bin/../lib/gcc/arm-none-eabi/10.3.1/../../../../arm-none-eabi/lib/thumb/v7e-m/nofp\libg.a(lib_a-findfp.o)
 .ARM.attributes
                0x00000a8f       0x2e c:/gcc-arm-none-eabi/bin/../lib/gcc/arm-none-eabi/10.3.1/../../../../arm-none-eabi/lib/thumb/v7e-m/nofp\libg.a(lib_a-fputwc.o)
 .ARM.attributes
                0x00000abd       0x2e c:/gcc-arm-none-eabi/bin/../lib/gcc/arm-none-eabi/10.3.1/../../../../arm-none-eabi/lib/thumb/v7e-m/nofp\libg.a(lib_a-fvwrite.o)
 .ARM.attributes
                0x00000aeb       0x2e c:/gcc-arm-none-eabi/bin/../lib/gcc/arm-none-eabi/10.3.1/../../../../arm-none-eabi/lib/thumb/v7e-m/nofp\libg.a(lib_a-fwalk.o)
 .ARM.attributes
                0x00000b19       0x2e c:/gcc-arm-none-eabi/bin/../lib/gcc/arm-none-eabi/10.3.1/../../../../arm-none-eabi/lib/thumb/v7e-m/nofp\libg.a(lib_a-makebuf.o)
 .ARM.attributes
                0x00000b47       0x2e c:/gcc-arm-none-eabi/bin/../lib/gcc/arm-none-eabi/10.3.1/../../../../arm-none-eabi/lib/thumb/v7e-m/nofp\libg.a(lib_a-signal.o)
 .ARM.attributes
                0x00000b75       0x2e c:/gcc-arm-none-eabi/bin/../lib/gcc/arm-none-eabi/10.3.1/../../../../arm-none-eabi/lib/thumb/v7e-m/nofp\libg.a(lib_a-signalr.o)
 .ARM.attributes
                0x00000ba3       0x2e c:/gcc-arm-none-eabi/bin/../lib/gcc/arm-none-eabi/10.3.1/../../../../arm-none-eabi/lib/thumb/v7e-m/nofp\libg.a(lib_a-stdio.o)
 .ARM.attributes
                0x00000bd1       0x2e c:/gcc-arm-none-eabi/bin/../lib/gcc/arm-none-eabi/10.3.1/../../../../arm-none-eabi/lib/thumb/v7e-m/nofp\libg.a(lib_a-wbuf.o)
 .ARM.attributes
                0x00000bff       0x2e c:/gcc-arm-none-eabi/bin/../lib/gcc/arm-none-eabi/10.3.1/../../../../arm-none-eabi/lib/thumb/v7e-m/nofp\libg.a(lib_a-wcrtomb.o)
 .ARM.attributes
                0x00000c2d       0x2e c:/gcc-arm-none-eabi/bin/../lib/gcc/arm-none-eabi/10.3.1/../../../../arm-none-eabi/lib/thumb/v7e-m/nofp\libg.a(lib_a-writer.o)
 .ARM.attributes
                0x00000c5b       0x2e c:/gcc-arm-none-eabi/bin/../lib/gcc/arm-none-eabi/10.3.1/../../../../arm-none-eabi/lib/thumb/v7e-m/nofp\libg.a(lib_a-closer.o)
 .ARM.attributes
                0x00000c89       0x2e c:/gcc-arm-none-eabi/bin/../lib/gcc/arm-none-eabi/10.3.1/../../../../arm-none-eabi/lib/thumb/v7e-m/nofp\libg.a(lib_a-fclose.o)
 .ARM.attributes
                0x00000cb7       0x2e c:/gcc-arm-none-eabi/bin/../lib/gcc/arm-none-eabi/10.3.1/../../../../arm-none-eabi/lib/thumb/v7e-m/nofp\libg.a(lib_a-fstatr.o)
 .ARM.attributes
                0x00000ce5       0x2e c:/gcc-arm-none-eabi/bin/../lib/gcc/arm-none-eabi/10.3.1/../../../../arm-none-eabi/lib/thumb/v7e-m/nofp\libg.a(lib_a-isattyr.o)
 .ARM.attributes
                0x00000d13       0x2e c:/gcc-arm-none-eabi/bin/../lib/gcc/arm-none-eabi/10.3.1/../../../../arm-none-eabi/lib/thumb/v7e-m/nofp\libg.a(lib_a-lseekr.o)
 .ARM.attributes
                0x00000d41       0x2e c:/gcc-arm-none-eabi/bin/../lib/gcc/arm-none-eabi/10.3.1/../../../../arm-none-eabi/lib/thumb/v7e-m/nofp\libg.a(lib_a-readr.o)
 .ARM.attributes
                0x00000d6f       0x1e c:/gcc-arm-none-eabi/bin/../lib/gcc/arm-none-eabi/10.3.1/thumb/v7e-m/nofp\libgcc.a(_arm_cmpdf2.o)
 .ARM.attributes
                0x00000d8d       0x1e c:/gcc-arm-none-eabi/bin/../lib/gcc/arm-none-eabi/10.3.1/thumb/v7e-m/nofp\libgcc.a(_arm_unorddf2.o)
 .ARM.attributes
                0x00000dab       0x1e c:/gcc-arm-none-eabi/bin/../lib/gcc/arm-none-eabi/10.3.1/thumb/v7e-m/nofp\libgcc.a(_arm_fixdfsi.o)
 .ARM.attributes
                0x00000dc9       0x1e c:/gcc-arm-none-eabi/bin/../lib/gcc/arm-none-eabi/10.3.1/thumb/v7e-m/nofp\libgcc.a(_aeabi_uldivmod.o)
 .ARM.attributes
                0x00000de7       0x2e c:/gcc-arm-none-eabi/bin/../lib/gcc/arm-none-eabi/10.3.1/thumb/v7e-m/nofp\libgcc.a(_udivmoddi4.o)
 .ARM.attributes
                0x00000e15       0x1e c:/gcc-arm-none-eabi/bin/../lib/gcc/arm-none-eabi/10.3.1/thumb/v7e-m/nofp\libgcc.a(_dvmd_tls.o)
 .ARM.attributes
                0x00000e33       0x1e c:/gcc-arm-none-eabi/bin/../lib/gcc/arm-none-eabi/10.3.1/thumb/v7e-m/nofp/crtn.o
OUTPUT(motor.elf elf32-littlearm)
LOAD linker stubs
LOAD c:/gcc-arm-none-eabi/bin/../lib/gcc/arm-none-eabi/10.3.1/../../../../arm-none-eabi/lib/thumb/v7e-m/nofp\libc.a
LOAD c:/gcc-arm-none-eabi/bin/../lib/gcc/arm-none-eabi/10.3.1/../../../../arm-none-eabi/lib/thumb/v7e-m/nofp\libm.a
LOAD c:/gcc-arm-none-eabi/bin/../lib/gcc/arm-none-eabi/10.3.1/thumb/v7e-m/nofp\libgcc.a

.debug_info     0x00000000    0x12307
 .debug_info    0x00000000     0x10bd CMakeFiles/motor.elf.dir/Core/Src/dma.c.obj
 .debug_info    0x000010bd      0x838 CMakeFiles/motor.elf.dir/Core/Src/gpio.c.obj
 .debug_info    0x000018f5     0x2a5d CMakeFiles/motor.elf.dir/Core/Src/main.c.obj
 .debug_info    0x00004352      0xf50 CMakeFiles/motor.elf.dir/Core/Src/stm32h7xx_it.c.obj
 .debug_info    0x000052a2      0x7af CMakeFiles/motor.elf.dir/Core/Src/syscalls.c.obj
 .debug_info    0x00005a51      0x174 CMakeFiles/motor.elf.dir/Core/Src/sysmem.c.obj
 .debug_info    0x00005bc5      0xaf5 CMakeFiles/motor.elf.dir/Core/Src/system_stm32h7xx.c.obj
 .debug_info    0x000066ba     0x1e0e CMakeFiles/motor.elf.dir/Core/Src/tim.c.obj
 .debug_info    0x000084c8     0x261a CMakeFiles/motor.elf.dir/Core/Src/usart.c.obj
 .debug_info    0x0000aae2       0x22 CMakeFiles/motor.elf.dir/Core/Startup/startup_stm32h743vgtx.s.obj
 .debug_info    0x0000ab04      0xd40 CMakeFiles/motor.elf.dir/Drivers/STM32H7xx_HAL_Driver/Src/stm32h7xx_ll_gpio.c.obj
 .debug_info    0x0000b844     0x2c1f CMakeFiles/motor.elf.dir/Drivers/STM32H7xx_HAL_Driver/Src/stm32h7xx_ll_rcc.c.obj
 .debug_info    0x0000e463     0x1a8f CMakeFiles/motor.elf.dir/Drivers/STM32H7xx_HAL_Driver/Src/stm32h7xx_ll_tim.c.obj
 .debug_info    0x0000fef2      0xdec CMakeFiles/motor.elf.dir/Drivers/STM32H7xx_HAL_Driver/Src/stm32h7xx_ll_usart.c.obj
 .debug_info    0x00010cde     0x1629 CMakeFiles/motor.elf.dir/Drivers/STM32H7xx_HAL_Driver/Src/stm32h7xx_ll_utils.c.obj

.debug_abbrev   0x00000000     0x22ca
 .debug_abbrev  0x00000000      0x1ff CMakeFiles/motor.elf.dir/Core/Src/dma.c.obj
 .debug_abbrev  0x000001ff      0x1b9 CMakeFiles/motor.elf.dir/Core/Src/gpio.c.obj
 .debug_abbrev  0x000003b8      0x48d CMakeFiles/motor.elf.dir/Core/Src/main.c.obj
 .debug_abbrev  0x00000845      0x2a0 CMakeFiles/motor.elf.dir/Core/Src/stm32h7xx_it.c.obj
 .debug_abbrev  0x00000ae5      0x1a3 CMakeFiles/motor.elf.dir/Core/Src/syscalls.c.obj
 .debug_abbrev  0x00000c88       0xe7 CMakeFiles/motor.elf.dir/Core/Src/sysmem.c.obj
 .debug_abbrev  0x00000d6f      0x162 CMakeFiles/motor.elf.dir/Core/Src/system_stm32h7xx.c.obj
 .debug_abbrev  0x00000ed1      0x286 CMakeFiles/motor.elf.dir/Core/Src/tim.c.obj
 .debug_abbrev  0x00001157      0x36f CMakeFiles/motor.elf.dir/Core/Src/usart.c.obj
 .debug_abbrev  0x000014c6       0x12 CMakeFiles/motor.elf.dir/Core/Startup/startup_stm32h743vgtx.s.obj
 .debug_abbrev  0x000014d8      0x28c CMakeFiles/motor.elf.dir/Drivers/STM32H7xx_HAL_Driver/Src/stm32h7xx_ll_gpio.c.obj
 .debug_abbrev  0x00001764      0x2f4 CMakeFiles/motor.elf.dir/Drivers/STM32H7xx_HAL_Driver/Src/stm32h7xx_ll_rcc.c.obj
 .debug_abbrev  0x00001a58      0x2d6 CMakeFiles/motor.elf.dir/Drivers/STM32H7xx_HAL_Driver/Src/stm32h7xx_ll_tim.c.obj
 .debug_abbrev  0x00001d2e      0x2f3 CMakeFiles/motor.elf.dir/Drivers/STM32H7xx_HAL_Driver/Src/stm32h7xx_ll_usart.c.obj
 .debug_abbrev  0x00002021      0x2a9 CMakeFiles/motor.elf.dir/Drivers/STM32H7xx_HAL_Driver/Src/stm32h7xx_ll_utils.c.obj

.debug_loc      0x00000000     0x71d4
 .debug_loc     0x00000000      0x1c6 CMakeFiles/motor.elf.dir/Core/Src/dma.c.obj
 .debug_loc     0x000001c6       0x8b CMakeFiles/motor.elf.dir/Core/Src/gpio.c.obj
 .debug_loc     0x00000251      0x906 CMakeFiles/motor.elf.dir/Core/Src/main.c.obj
 .debug_loc     0x00000b57      0x40f CMakeFiles/motor.elf.dir/Core/Src/stm32h7xx_it.c.obj
 .debug_loc     0x00000f66      0x3c5 CMakeFiles/motor.elf.dir/Core/Src/syscalls.c.obj
 .debug_loc     0x0000132b       0x64 CMakeFiles/motor.elf.dir/Core/Src/sysmem.c.obj
 .debug_loc     0x0000138f      0x21e CMakeFiles/motor.elf.dir/Core/Src/system_stm32h7xx.c.obj
 .debug_loc     0x000015ad      0x658 CMakeFiles/motor.elf.dir/Core/Src/tim.c.obj
 .debug_loc     0x00001c05      0xd57 CMakeFiles/motor.elf.dir/Core/Src/usart.c.obj
 .debug_loc     0x0000295c      0x5d8 CMakeFiles/motor.elf.dir/Drivers/STM32H7xx_HAL_Driver/Src/stm32h7xx_ll_gpio.c.obj
 .debug_loc     0x00002f34     0x1917 CMakeFiles/motor.elf.dir/Drivers/STM32H7xx_HAL_Driver/Src/stm32h7xx_ll_rcc.c.obj
 .debug_loc     0x0000484b     0x1847 CMakeFiles/motor.elf.dir/Drivers/STM32H7xx_HAL_Driver/Src/stm32h7xx_ll_tim.c.obj
 .debug_loc     0x00006092      0x832 CMakeFiles/motor.elf.dir/Drivers/STM32H7xx_HAL_Driver/Src/stm32h7xx_ll_usart.c.obj
 .debug_loc     0x000068c4      0x910 CMakeFiles/motor.elf.dir/Drivers/STM32H7xx_HAL_Driver/Src/stm32h7xx_ll_utils.c.obj

.debug_aranges  0x00000000      0x530
 .debug_aranges
                0x00000000       0x20 CMakeFiles/motor.elf.dir/Core/Src/dma.c.obj
 .debug_aranges
                0x00000020       0x20 CMakeFiles/motor.elf.dir/Core/Src/gpio.c.obj
 .debug_aranges
                0x00000040       0x58 CMakeFiles/motor.elf.dir/Core/Src/main.c.obj
 .debug_aranges
                0x00000098       0x88 CMakeFiles/motor.elf.dir/Core/Src/stm32h7xx_it.c.obj
 .debug_aranges
                0x00000120       0xa8 CMakeFiles/motor.elf.dir/Core/Src/syscalls.c.obj
 .debug_aranges
                0x000001c8       0x20 CMakeFiles/motor.elf.dir/Core/Src/sysmem.c.obj
 .debug_aranges
                0x000001e8       0x28 CMakeFiles/motor.elf.dir/Core/Src/system_stm32h7xx.c.obj
 .debug_aranges
                0x00000210       0x28 CMakeFiles/motor.elf.dir/Core/Src/tim.c.obj
 .debug_aranges
                0x00000238       0x28 CMakeFiles/motor.elf.dir/Core/Src/usart.c.obj
 .debug_aranges
                0x00000260       0x28 CMakeFiles/motor.elf.dir/Core/Startup/startup_stm32h743vgtx.s.obj
 .debug_aranges
                0x00000288       0x30 CMakeFiles/motor.elf.dir/Drivers/STM32H7xx_HAL_Driver/Src/stm32h7xx_ll_gpio.c.obj
 .debug_aranges
                0x000002b8      0x108 CMakeFiles/motor.elf.dir/Drivers/STM32H7xx_HAL_Driver/Src/stm32h7xx_ll_rcc.c.obj
 .debug_aranges
                0x000003c0       0xd0 CMakeFiles/motor.elf.dir/Drivers/STM32H7xx_HAL_Driver/Src/stm32h7xx_ll_tim.c.obj
 .debug_aranges
                0x00000490       0x40 CMakeFiles/motor.elf.dir/Drivers/STM32H7xx_HAL_Driver/Src/stm32h7xx_ll_usart.c.obj
 .debug_aranges
                0x000004d0       0x60 CMakeFiles/motor.elf.dir/Drivers/STM32H7xx_HAL_Driver/Src/stm32h7xx_ll_utils.c.obj

.debug_ranges   0x00000000      0x8f0
 .debug_ranges  0x00000000       0x28 CMakeFiles/motor.elf.dir/Core/Src/dma.c.obj
 .debug_ranges  0x00000028       0x10 CMakeFiles/motor.elf.dir/Core/Src/gpio.c.obj
 .debug_ranges  0x00000038       0xe8 CMakeFiles/motor.elf.dir/Core/Src/main.c.obj
 .debug_ranges  0x00000120       0x78 CMakeFiles/motor.elf.dir/Core/Src/stm32h7xx_it.c.obj
 .debug_ranges  0x00000198       0x98 CMakeFiles/motor.elf.dir/Core/Src/syscalls.c.obj
 .debug_ranges  0x00000230       0x10 CMakeFiles/motor.elf.dir/Core/Src/sysmem.c.obj
 .debug_ranges  0x00000240       0x18 CMakeFiles/motor.elf.dir/Core/Src/system_stm32h7xx.c.obj
 .debug_ranges  0x00000258       0x18 CMakeFiles/motor.elf.dir/Core/Src/tim.c.obj
 .debug_ranges  0x00000270       0x60 CMakeFiles/motor.elf.dir/Core/Src/usart.c.obj
 .debug_ranges  0x000002d0       0x20 CMakeFiles/motor.elf.dir/Core/Startup/startup_stm32h743vgtx.s.obj
 .debug_ranges  0x000002f0      0x128 CMakeFiles/motor.elf.dir/Drivers/STM32H7xx_HAL_Driver/Src/stm32h7xx_ll_gpio.c.obj
 .debug_ranges  0x00000418      0x170 CMakeFiles/motor.elf.dir/Drivers/STM32H7xx_HAL_Driver/Src/stm32h7xx_ll_rcc.c.obj
 .debug_ranges  0x00000588      0x210 CMakeFiles/motor.elf.dir/Drivers/STM32H7xx_HAL_Driver/Src/stm32h7xx_ll_tim.c.obj
 .debug_ranges  0x00000798      0x108 CMakeFiles/motor.elf.dir/Drivers/STM32H7xx_HAL_Driver/Src/stm32h7xx_ll_usart.c.obj
 .debug_ranges  0x000008a0       0x50 CMakeFiles/motor.elf.dir/Drivers/STM32H7xx_HAL_Driver/Src/stm32h7xx_ll_utils.c.obj

.debug_line     0x00000000     0x7065
 .debug_line    0x00000000      0x2f0 CMakeFiles/motor.elf.dir/Core/Src/dma.c.obj
 .debug_line    0x000002f0      0x28b CMakeFiles/motor.elf.dir/Core/Src/gpio.c.obj
 .debug_line    0x0000057b      0xb4d CMakeFiles/motor.elf.dir/Core/Src/main.c.obj
 .debug_line    0x000010c8      0x5b2 CMakeFiles/motor.elf.dir/Core/Src/stm32h7xx_it.c.obj
 .debug_line    0x0000167a      0x3d9 CMakeFiles/motor.elf.dir/Core/Src/syscalls.c.obj
 .debug_line    0x00001a53      0x17b CMakeFiles/motor.elf.dir/Core/Src/sysmem.c.obj
 .debug_line    0x00001bce      0x3cc CMakeFiles/motor.elf.dir/Core/Src/system_stm32h7xx.c.obj
 .debug_line    0x00001f9a      0x614 CMakeFiles/motor.elf.dir/Core/Src/tim.c.obj
 .debug_line    0x000025ae      0x7d7 CMakeFiles/motor.elf.dir/Core/Src/usart.c.obj
 .debug_line    0x00002d85       0x98 CMakeFiles/motor.elf.dir/Core/Startup/startup_stm32h743vgtx.s.obj
 .debug_line    0x00002e1d      0x673 CMakeFiles/motor.elf.dir/Drivers/STM32H7xx_HAL_Driver/Src/stm32h7xx_ll_gpio.c.obj
 .debug_line    0x00003490     0x1c05 CMakeFiles/motor.elf.dir/Drivers/STM32H7xx_HAL_Driver/Src/stm32h7xx_ll_rcc.c.obj
 .debug_line    0x00005095      0xeb9 CMakeFiles/motor.elf.dir/Drivers/STM32H7xx_HAL_Driver/Src/stm32h7xx_ll_tim.c.obj
 .debug_line    0x00005f4e      0x6a5 CMakeFiles/motor.elf.dir/Drivers/STM32H7xx_HAL_Driver/Src/stm32h7xx_ll_usart.c.obj
 .debug_line    0x000065f3      0xa72 CMakeFiles/motor.elf.dir/Drivers/STM32H7xx_HAL_Driver/Src/stm32h7xx_ll_utils.c.obj

.debug_str      0x00000000     0x3a04
 .debug_str     0x00000000      0xe50 CMakeFiles/motor.elf.dir/Core/Src/dma.c.obj
                                0xedb (size before relaxing)
 .debug_str     0x00000e50       0xd9 CMakeFiles/motor.elf.dir/Core/Src/gpio.c.obj
                                0x54f (size before relaxing)
 .debug_str     0x00000f29      0x83d CMakeFiles/motor.elf.dir/Core/Src/main.c.obj
                               0x1731 (size before relaxing)
 .debug_str     0x00001766      0x2cd CMakeFiles/motor.elf.dir/Core/Src/stm32h7xx_it.c.obj
                                0x6f4 (size before relaxing)
 .debug_str     0x00001a33      0x235 CMakeFiles/motor.elf.dir/Core/Src/syscalls.c.obj
                                0x40b (size before relaxing)
 .debug_str     0x00001c68       0x85 CMakeFiles/motor.elf.dir/Core/Src/sysmem.c.obj
                                0x237 (size before relaxing)
 .debug_str     0x00001ced      0x131 CMakeFiles/motor.elf.dir/Core/Src/system_stm32h7xx.c.obj
                                0x67c (size before relaxing)
 .debug_str     0x00001e1e      0x2ac CMakeFiles/motor.elf.dir/Core/Src/tim.c.obj
                               0x12a8 (size before relaxing)
 .debug_str     0x000020ca      0x2c5 CMakeFiles/motor.elf.dir/Core/Src/usart.c.obj
                               0x1415 (size before relaxing)
 .debug_str     0x0000238f       0x46 CMakeFiles/motor.elf.dir/Core/Startup/startup_stm32h743vgtx.s.obj
                                 0x6b (size before relaxing)
 .debug_str     0x000023d5      0x153 CMakeFiles/motor.elf.dir/Drivers/STM32H7xx_HAL_Driver/Src/stm32h7xx_ll_gpio.c.obj
                                0x5bc (size before relaxing)
 .debug_str     0x00002528      0xb71 CMakeFiles/motor.elf.dir/Drivers/STM32H7xx_HAL_Driver/Src/stm32h7xx_ll_rcc.c.obj
                               0x113f (size before relaxing)
 .debug_str     0x00003099      0x4e0 CMakeFiles/motor.elf.dir/Drivers/STM32H7xx_HAL_Driver/Src/stm32h7xx_ll_tim.c.obj
                                0xaf9 (size before relaxing)
 .debug_str     0x00003579      0x195 CMakeFiles/motor.elf.dir/Drivers/STM32H7xx_HAL_Driver/Src/stm32h7xx_ll_usart.c.obj
                                0x6f6 (size before relaxing)
 .debug_str     0x0000370e      0x2f6 CMakeFiles/motor.elf.dir/Drivers/STM32H7xx_HAL_Driver/Src/stm32h7xx_ll_utils.c.obj
                                0xb5d (size before relaxing)

.comment        0x00000000       0x49
 .comment       0x00000000       0x49 CMakeFiles/motor.elf.dir/Core/Src/dma.c.obj
                                 0x4a (size before relaxing)
 .comment       0x00000049       0x4a CMakeFiles/motor.elf.dir/Core/Src/gpio.c.obj
 .comment       0x00000049       0x4a CMakeFiles/motor.elf.dir/Core/Src/main.c.obj
 .comment       0x00000049       0x4a CMakeFiles/motor.elf.dir/Core/Src/stm32h7xx_it.c.obj
 .comment       0x00000049       0x4a CMakeFiles/motor.elf.dir/Core/Src/syscalls.c.obj
 .comment       0x00000049       0x4a CMakeFiles/motor.elf.dir/Core/Src/sysmem.c.obj
 .comment       0x00000049       0x4a CMakeFiles/motor.elf.dir/Core/Src/system_stm32h7xx.c.obj
 .comment       0x00000049       0x4a CMakeFiles/motor.elf.dir/Core/Src/tim.c.obj
 .comment       0x00000049       0x4a CMakeFiles/motor.elf.dir/Core/Src/usart.c.obj
 .comment       0x00000049       0x4a CMakeFiles/motor.elf.dir/Drivers/STM32H7xx_HAL_Driver/Src/stm32h7xx_ll_gpio.c.obj
 .comment       0x00000049       0x4a CMakeFiles/motor.elf.dir/Drivers/STM32H7xx_HAL_Driver/Src/stm32h7xx_ll_rcc.c.obj
 .comment       0x00000049       0x4a CMakeFiles/motor.elf.dir/Drivers/STM32H7xx_HAL_Driver/Src/stm32h7xx_ll_tim.c.obj
 .comment       0x00000049       0x4a CMakeFiles/motor.elf.dir/Drivers/STM32H7xx_HAL_Driver/Src/stm32h7xx_ll_usart.c.obj
 .comment       0x00000049       0x4a CMakeFiles/motor.elf.dir/Drivers/STM32H7xx_HAL_Driver/Src/stm32h7xx_ll_utils.c.obj

.debug_frame    0x00000000     0x232c
 .debug_frame   0x00000000       0x2c CMakeFiles/motor.elf.dir/Core/Src/dma.c.obj
 .debug_frame   0x0000002c       0x2c CMakeFiles/motor.elf.dir/Core/Src/gpio.c.obj
 .debug_frame   0x00000058       0xc4 CMakeFiles/motor.elf.dir/Core/Src/main.c.obj
 .debug_frame   0x0000011c      0x104 CMakeFiles/motor.elf.dir/Core/Src/stm32h7xx_it.c.obj
 .debug_frame   0x00000220      0x190 CMakeFiles/motor.elf.dir/Core/Src/syscalls.c.obj
 .debug_frame   0x000003b0       0x28 CMakeFiles/motor.elf.dir/Core/Src/sysmem.c.obj
 .debug_frame   0x000003d8       0x40 CMakeFiles/motor.elf.dir/Core/Src/system_stm32h7xx.c.obj
 .debug_frame   0x00000418       0x58 CMakeFiles/motor.elf.dir/Core/Src/tim.c.obj
 .debug_frame   0x00000470       0x58 CMakeFiles/motor.elf.dir/Core/Src/usart.c.obj
 .debug_frame   0x000004c8       0x4c CMakeFiles/motor.elf.dir/Drivers/STM32H7xx_HAL_Driver/Src/stm32h7xx_ll_gpio.c.obj
 .debug_frame   0x00000514      0x358 CMakeFiles/motor.elf.dir/Drivers/STM32H7xx_HAL_Driver/Src/stm32h7xx_ll_rcc.c.obj
 .debug_frame   0x0000086c      0x24c CMakeFiles/motor.elf.dir/Drivers/STM32H7xx_HAL_Driver/Src/stm32h7xx_ll_tim.c.obj
 .debug_frame   0x00000ab8       0x78 CMakeFiles/motor.elf.dir/Drivers/STM32H7xx_HAL_Driver/Src/stm32h7xx_ll_usart.c.obj
 .debug_frame   0x00000b30       0xe0 CMakeFiles/motor.elf.dir/Drivers/STM32H7xx_HAL_Driver/Src/stm32h7xx_ll_utils.c.obj
 .debug_frame   0x00000c10       0xac c:/gcc-arm-none-eabi/bin/../lib/gcc/arm-none-eabi/10.3.1/thumb/v7e-m/nofp\libgcc.a(_arm_addsubdf3.o)
 .debug_frame   0x00000cbc       0x50 c:/gcc-arm-none-eabi/bin/../lib/gcc/arm-none-eabi/10.3.1/thumb/v7e-m/nofp\libgcc.a(_arm_muldivdf3.o)
 .debug_frame   0x00000d0c       0x24 c:/gcc-arm-none-eabi/bin/../lib/gcc/arm-none-eabi/10.3.1/thumb/v7e-m/nofp\libgcc.a(_arm_truncdfsf2.o)
 .debug_frame   0x00000d30       0x4c c:/gcc-arm-none-eabi/bin/../lib/gcc/arm-none-eabi/10.3.1/thumb/v7e-m/nofp\libgcc.a(_arm_addsubsf3.o)
 .debug_frame   0x00000d7c       0x38 c:/gcc-arm-none-eabi/bin/../lib/gcc/arm-none-eabi/10.3.1/thumb/v7e-m/nofp\libgcc.a(_arm_muldivsf3.o)
 .debug_frame   0x00000db4       0xc8 c:/gcc-arm-none-eabi/bin/../lib/gcc/arm-none-eabi/10.3.1/thumb/v7e-m/nofp\libgcc.a(_arm_cmpsf2.o)
 .debug_frame   0x00000e7c       0x24 c:/gcc-arm-none-eabi/bin/../lib/gcc/arm-none-eabi/10.3.1/thumb/v7e-m/nofp\libgcc.a(_arm_fixunssfsi.o)
 .debug_frame   0x00000ea0       0x20 c:/gcc-arm-none-eabi/bin/../lib/gcc/arm-none-eabi/10.3.1/../../../../arm-none-eabi/lib/thumb/v7e-m/nofp\libg.a(lib_a-errno.o)
 .debug_frame   0x00000ec0       0x2c c:/gcc-arm-none-eabi/bin/../lib/gcc/arm-none-eabi/10.3.1/../../../../arm-none-eabi/lib/thumb/v7e-m/nofp\libg.a(lib_a-init.o)
 .debug_frame   0x00000eec       0x2c c:/gcc-arm-none-eabi/bin/../lib/gcc/arm-none-eabi/10.3.1/../../../../arm-none-eabi/lib/thumb/v7e-m/nofp\libg.a(lib_a-memset.o)
 .debug_frame   0x00000f18       0x74 c:/gcc-arm-none-eabi/bin/../lib/gcc/arm-none-eabi/10.3.1/../../../../arm-none-eabi/lib/thumb/v7e-m/nofp\libg.a(lib_a-sprintf.o)
 .debug_frame   0x00000f8c       0x44 c:/gcc-arm-none-eabi/bin/../lib/gcc/arm-none-eabi/10.3.1/../../../../arm-none-eabi/lib/thumb/v7e-m/nofp\libg.a(lib_a-svfprintf.o)
 .debug_frame   0x00000fd0       0x5c c:/gcc-arm-none-eabi/bin/../lib/gcc/arm-none-eabi/10.3.1/../../../../arm-none-eabi/lib/thumb/v7e-m/nofp\libg.a(lib_a-__call_atexit.o)
 .debug_frame   0x0000102c       0x20 c:/gcc-arm-none-eabi/bin/../lib/gcc/arm-none-eabi/10.3.1/../../../../arm-none-eabi/lib/thumb/v7e-m/nofp\libg.a(lib_a-atexit.o)
 .debug_frame   0x0000104c       0x8c c:/gcc-arm-none-eabi/bin/../lib/gcc/arm-none-eabi/10.3.1/../../../../arm-none-eabi/lib/thumb/v7e-m/nofp\libg.a(lib_a-dtoa.o)
 .debug_frame   0x000010d8       0x34 c:/gcc-arm-none-eabi/bin/../lib/gcc/arm-none-eabi/10.3.1/../../../../arm-none-eabi/lib/thumb/v7e-m/nofp\libg.a(lib_a-fini.o)
 .debug_frame   0x0000110c       0x8c c:/gcc-arm-none-eabi/bin/../lib/gcc/arm-none-eabi/10.3.1/../../../../arm-none-eabi/lib/thumb/v7e-m/nofp\libg.a(lib_a-freer.o)
 .debug_frame   0x00001198       0x40 c:/gcc-arm-none-eabi/bin/../lib/gcc/arm-none-eabi/10.3.1/../../../../arm-none-eabi/lib/thumb/v7e-m/nofp\libg.a(lib_a-localeconv.o)
 .debug_frame   0x000011d8       0xb0 c:/gcc-arm-none-eabi/bin/../lib/gcc/arm-none-eabi/10.3.1/../../../../arm-none-eabi/lib/thumb/v7e-m/nofp\libg.a(lib_a-lock.o)
 .debug_frame   0x00001288       0x4c c:/gcc-arm-none-eabi/bin/../lib/gcc/arm-none-eabi/10.3.1/../../../../arm-none-eabi/lib/thumb/v7e-m/nofp\libg.a(lib_a-mallocr.o)
 .debug_frame   0x000012d4       0x30 c:/gcc-arm-none-eabi/bin/../lib/gcc/arm-none-eabi/10.3.1/../../../../arm-none-eabi/lib/thumb/v7e-m/nofp\libg.a(lib_a-mlock.o)
 .debug_frame   0x00001304      0x264 c:/gcc-arm-none-eabi/bin/../lib/gcc/arm-none-eabi/10.3.1/../../../../arm-none-eabi/lib/thumb/v7e-m/nofp\libg.a(lib_a-mprec.o)
 .debug_frame   0x00001568       0x30 c:/gcc-arm-none-eabi/bin/../lib/gcc/arm-none-eabi/10.3.1/../../../../arm-none-eabi/lib/thumb/v7e-m/nofp\libg.a(lib_a-s_frexp.o)
 .debug_frame   0x00001598       0x2c c:/gcc-arm-none-eabi/bin/../lib/gcc/arm-none-eabi/10.3.1/../../../../arm-none-eabi/lib/thumb/v7e-m/nofp\libg.a(lib_a-sbrkr.o)
 .debug_frame   0x000015c4       0x2c c:/gcc-arm-none-eabi/bin/../lib/gcc/arm-none-eabi/10.3.1/../../../../arm-none-eabi/lib/thumb/v7e-m/nofp\libg.a(lib_a-strncpy.o)
 .debug_frame   0x000015f0       0x78 c:/gcc-arm-none-eabi/bin/../lib/gcc/arm-none-eabi/10.3.1/../../../../arm-none-eabi/lib/thumb/v7e-m/nofp\libg.a(lib_a-svfiprintf.o)
 .debug_frame   0x00001668       0x34 c:/gcc-arm-none-eabi/bin/../lib/gcc/arm-none-eabi/10.3.1/../../../../arm-none-eabi/lib/thumb/v7e-m/nofp\libg.a(lib_a-__atexit.o)
 .debug_frame   0x0000169c       0x40 c:/gcc-arm-none-eabi/bin/../lib/gcc/arm-none-eabi/10.3.1/../../../../arm-none-eabi/lib/thumb/v7e-m/nofp\libg.a(lib_a-assert.o)
 .debug_frame   0x000016dc       0x2c c:/gcc-arm-none-eabi/bin/../lib/gcc/arm-none-eabi/10.3.1/../../../../arm-none-eabi/lib/thumb/v7e-m/nofp\libg.a(lib_a-callocr.o)
 .debug_frame   0x00001708       0x70 c:/gcc-arm-none-eabi/bin/../lib/gcc/arm-none-eabi/10.3.1/../../../../arm-none-eabi/lib/thumb/v7e-m/nofp\libg.a(lib_a-fiprintf.o)